Archive member included to satisfy reference by file (symbol)

.\CortexM3\ARM_GCC_541\Debug\teste_controlador.a(BlocoPWM2.o)
                              .\CortexM3\ARM_GCC_541\Debug\motor.o (BlocoPWM2_WriteCompare)
.\CortexM3\ARM_GCC_541\Debug\teste_controlador.a(QuadDec2.o)
                              .\CortexM3\ARM_GCC_541\Debug\motor.o (QuadDec2_GetCounter)
.\CortexM3\ARM_GCC_541\Debug\teste_controlador.a(QuadDec2_INT.o)
                              .\CortexM3\ARM_GCC_541\Debug\teste_controlador.a(QuadDec2.o) (QuadDec2_ISR)
.\CortexM3\ARM_GCC_541\Debug\teste_controlador.a(UART.o)
                              .\CortexM3\ARM_GCC_541\Debug\main.o (UART_Start)
.\CortexM3\ARM_GCC_541\Debug\teste_controlador.a(dir2.o)
                              .\CortexM3\ARM_GCC_541\Debug\main.o (dir2_Write)
.\CortexM3\ARM_GCC_541\Debug\teste_controlador.a(BlocoPWM1.o)
                              .\CortexM3\ARM_GCC_541\Debug\motor.o (BlocoPWM1_WriteCompare)
.\CortexM3\ARM_GCC_541\Debug\teste_controlador.a(QuadDec1.o)
                              .\CortexM3\ARM_GCC_541\Debug\motor.o (QuadDec1_GetCounter)
.\CortexM3\ARM_GCC_541\Debug\teste_controlador.a(QuadDec1_INT.o)
                              .\CortexM3\ARM_GCC_541\Debug\teste_controlador.a(QuadDec1.o) (QuadDec1_ISR)
.\CortexM3\ARM_GCC_541\Debug\teste_controlador.a(dir1.o)
                              .\CortexM3\ARM_GCC_541\Debug\main.o (dir1_Write)
.\CortexM3\ARM_GCC_541\Debug\teste_controlador.a(BlocoPWM3.o)
                              .\CortexM3\ARM_GCC_541\Debug\motor.o (BlocoPWM3_WriteCompare)
.\CortexM3\ARM_GCC_541\Debug\teste_controlador.a(QuadDec3.o)
                              .\CortexM3\ARM_GCC_541\Debug\motor.o (QuadDec3_GetCounter)
.\CortexM3\ARM_GCC_541\Debug\teste_controlador.a(QuadDec3_INT.o)
                              .\CortexM3\ARM_GCC_541\Debug\teste_controlador.a(QuadDec3.o) (QuadDec3_ISR)
.\CortexM3\ARM_GCC_541\Debug\teste_controlador.a(dir3.o)
                              .\CortexM3\ARM_GCC_541\Debug\main.o (dir3_Write)
.\CortexM3\ARM_GCC_541\Debug\teste_controlador.a(TimerMotores.o)
                              .\CortexM3\ARM_GCC_541\Debug\isr.o (TimerMotores_ReadStatusRegister)
.\CortexM3\ARM_GCC_541\Debug\teste_controlador.a(TimerCinematico.o)
                              .\CortexM3\ARM_GCC_541\Debug\isr.o (TimerCinematico_ReadStatusRegister)
.\CortexM3\ARM_GCC_541\Debug\teste_controlador.a(isr_timer_cinematico.o)
                              .\CortexM3\ARM_GCC_541\Debug\main.o (isr_timer_cinematico_StartEx)
.\CortexM3\ARM_GCC_541\Debug\teste_controlador.a(QuadDec2_Cnt16.o)
                              .\CortexM3\ARM_GCC_541\Debug\teste_controlador.a(QuadDec2.o) (QuadDec2_Cnt16_Stop)
.\CortexM3\ARM_GCC_541\Debug\teste_controlador.a(UART_IntClock.o)
                              .\CortexM3\ARM_GCC_541\Debug\teste_controlador.a(UART.o) (UART_IntClock_Start)
.\CortexM3\ARM_GCC_541\Debug\teste_controlador.a(QuadDec1_Cnt16.o)
                              .\CortexM3\ARM_GCC_541\Debug\teste_controlador.a(QuadDec1.o) (QuadDec1_Cnt16_Stop)
.\CortexM3\ARM_GCC_541\Debug\teste_controlador.a(QuadDec3_Cnt16.o)
                              .\CortexM3\ARM_GCC_541\Debug\teste_controlador.a(QuadDec3.o) (QuadDec3_Cnt16_Stop)
.\CortexM3\ARM_GCC_541\Debug\teste_controlador.a(CyLib.o)
                              .\CortexM3\ARM_GCC_541\Debug\Cm3Start.o (CyHalt)
.\CortexM3\ARM_GCC_541\Debug\teste_controlador.a(cyPm.o)
                              .\CortexM3\ARM_GCC_541\Debug\teste_controlador.a(CyLib.o) (CyPmReadStatus)
.\CortexM3\ARM_GCC_541\Debug\teste_controlador.a(CAN.o)
                              .\CortexM3\ARM_GCC_541\Debug\main.o (CAN_Start)
.\CortexM3\ARM_GCC_541\Debug\teste_controlador.a(CAN_INT.o)
                              .\CortexM3\ARM_GCC_541\Debug\teste_controlador.a(CAN.o) (CAN_ISR)
.\CortexM3\ARM_GCC_541\Debug\teste_controlador.a(CAN_TX_RX_func.o)
                              .\CortexM3\ARM_GCC_541\Debug\main.o (CAN_SendMsg0)
.\CortexM3\ARM_GCC_541\Debug\teste_controlador.a(CyBootAsmGnu.o)
                              .\CortexM3\ARM_GCC_541\Debug\cyfitter_cfg.o (CyDelayCycles)
.\CortexM3\ARM_GCC_541\Debug\teste_controlador.a(led.o)
                              .\CortexM3\ARM_GCC_541\Debug\teste_controlador.a(CAN_TX_RX_func.o) (led_Write)
.\CortexM3\ARM_GCC_541\Debug\teste_controlador.a(CyFlash.o)
                              .\CortexM3\ARM_GCC_541\Debug\teste_controlador.a(cyPm.o) (CyFlash_SetWaitCycles)
.\CortexM3\ARM_GCC_541\Debug\teste_controlador.a(CySpc.o)
                              .\CortexM3\ARM_GCC_541\Debug\teste_controlador.a(CyFlash.o) (CySpcStart)
c:/program files (x86)/cypress/psoc creator/4.3/psoc creator/import/gnu/arm/5.4.1/bin/../lib/gcc/arm-none-eabi/5.4.1/../../../../arm-none-eabi/lib/armv7-m\libm.a(lib_a-s_cos.o)
                              .\CortexM3\ARM_GCC_541\Debug\controle_cinematico.o (cos)
[...]
Memory Configuration

Name             Origin             Length             Attributes
rom              0x00000000         0x00040000         xr
ram              0x1fff8000         0x00010000         xrw
*default*        0x00000000         0xffffffff

Linker script and memory map

LOAD c:/program files (x86)/cypress/psoc creator/4.3/psoc creator/import/gnu/arm/5.4.1/bin/../lib/gcc/arm-none-eabi/5.4.1/armv7-m/crti.o
LOAD c:/program files (x86)/cypress/psoc creator/4.3/psoc creator/import/gnu/arm/5.4.1/bin/../lib/gcc/arm-none-eabi/5.4.1/armv7-m/crtbegin.o
LOAD c:/program files (x86)/cypress/psoc creator/4.3/psoc creator/import/gnu/arm/5.4.1/bin/../lib/gcc/arm-none-eabi/5.4.1/../../../../arm-none-eabi/lib/armv7-m/crt0.o
START GROUP
LOAD .\CortexM3\ARM_GCC_541\Debug\main.o
LOAD .\CortexM3\ARM_GCC_541\Debug\aux_functions.o
LOAD .\CortexM3\ARM_GCC_541\Debug\controle_cinematico.o
LOAD .\CortexM3\ARM_GCC_541\Debug\isr.o
LOAD .\CortexM3\ARM_GCC_541\Debug\motor.o
LOAD .\CortexM3\ARM_GCC_541\Debug\fis.o
LOAD .\CortexM3\ARM_GCC_541\Debug\fuzzy_set.o
LOAD .\CortexM3\ARM_GCC_541\Debug\linguistic_variable.o
LOAD .\CortexM3\ARM_GCC_541\Debug\membership_functions.o
LOAD .\CortexM3\ARM_GCC_541\Debug\cyfitter_cfg.o
LOAD .\CortexM3\ARM_GCC_541\Debug\cymetadata.o
LOAD .\CortexM3\ARM_GCC_541\Debug\Cm3Start.o
LOAD .\CortexM3\ARM_GCC_541\Debug\teste_controlador.a
LOAD C:\Program Files (x86)\Cypress\PSoC Creator\4.3\PSoC Creator\psoc\content\cycomponentlibrary\CyComponentLibrary.cylib\CortexM3\ARM_GCC_541\Debug\CyComponentLibrary.a
LOAD c:/program files (x86)/cypress/psoc creator/4.3/psoc creator/import/gnu/arm/5.4.1/bin/../lib/gcc/arm-none-eabi/5.4.1/../../../../arm-none-eabi/lib/armv7-m\libm.a
END GROUP
START GROUP
LOAD c:/program files (x86)/cypress/psoc creator/4.3/psoc creator/import/gnu/arm/5.4.1/bin/../lib/gcc/arm-none-eabi/5.4.1/armv7-m\libgcc.a
LOAD c:/program files (x86)/cypress/psoc creator/4.3/psoc creator/import/gnu/arm/5.4.1/bin/../lib/gcc/arm-none-eabi/5.4.1/../../../../arm-none-eabi/lib/armv7-m\libg_nano.a
LOAD c:/program files (x86)/cypress/psoc creator/4.3/psoc creator/import/gnu/arm/5.4.1/bin/../lib/gcc/arm-none-eabi/5.4.1/../../../../arm-none-eabi/lib/armv7-m\libc_nano.a
END GROUP
START GROUP
LOAD c:/program files (x86)/cypress/psoc creator/4.3/psoc creator/import/gnu/arm/5.4.1/bin/../lib/gcc/arm-none-eabi/5.4.1/armv7-m\libgcc.a
LOAD c:/program files (x86)/cypress/psoc creator/4.3/psoc creator/import/gnu/arm/5.4.1/bin/../lib/gcc/arm-none-eabi/5.4.1/../../../../arm-none-eabi/lib/armv7-m\libc_nano.a
END GROUP
LOAD c:/program files (x86)/cypress/psoc creator/4.3/psoc creator/import/gnu/arm/5.4.1/bin/../lib/gcc/arm-none-eabi/5.4.1/armv7-m/crtend.o
LOAD c:/program files (x86)/cypress/psoc creator/4.3/psoc creator/import/gnu/arm/5.4.1/bin/../lib/gcc/arm-none-eabi/5.4.1/armv7-m/crtn.o
START GROUP
LOAD c:/program files (x86)/cypress/psoc creator/4.3/psoc creator/import/gnu/arm/5.4.1/bin/../lib/gcc/arm-none-eabi/5.4.1/armv7-m\libgcc.a
LOAD c:/program files (x86)/cypress/psoc creator/4.3/psoc creator/import/gnu/arm/5.4.1/bin/../lib/gcc/arm-none-eabi/5.4.1/../../../../arm-none-eabi/lib/armv7-m\libc.a
LOAD c:/program files (x86)/cypress/psoc creator/4.3/psoc creator/import/gnu/arm/5.4.1/bin/../lib/gcc/arm-none-eabi/5.4.1/../../../../arm-none-eabi/lib/armv7-m\libnosys.a
END GROUP
                0x00000000                CY_APPL_ORIGIN = 0x0
                0x00000100                CY_FLASH_ROW_SIZE = 0x100
                0x00000020                CY_ECC_ROW_SIZE = 0x20
                0x00000000                CY_EE_IN_BTLDR = 0x0
                0x00000000                CY_APPL_LOADABLE = 0x0
                0x00000800                CY_EE_SIZE = 0x800
                0x00000001                CY_APPL_NUM = 0x1
                0x00000001                CY_APPL_MAX = 0x1
                0x00000040                CY_METADATA_SIZE = 0x40
                0x00000000                CY_APPL_LOADABLE = 0x0
                0x00000000                CY_CHECKSUM_EXCLUDE_SIZE = ALIGN (0x0, CY_FLASH_ROW_SIZE)
                [!provide]                PROVIDE (__cy_heap_start, _end)
                0x00000001                PROVIDE (__cy_region_num, ((__cy_regions_end - __cy_regions) / 0x10))
                0x20008000                PROVIDE (__cy_stack, (ORIGIN (ram) + LENGTH (ram)))
                [!provide]                PROVIDE (__cy_heap_end, (__cy_stack - 0x800))

.cybootloader   0x00000000        0x0
 *(.cybootloader)
                0x00000000                appl1_start = CY_APPL_ORIGIN?CY_APPL_ORIGIN:ALIGN (CY_FLASH_ROW_SIZE)
                0x0001ff00                appl2_start = (appl1_start + ALIGN ((((LENGTH (rom) - appl1_start) - (0x2 * CY_FLASH_ROW_SIZE)) / 0x2), CY_FLASH_ROW_SIZE))
                0x00000000                appl_start = (CY_APPL_NUM == 0x1)?appl1_start:appl2_start
                0x00000000                ecc_offset = ((appl_start / CY_FLASH_ROW_SIZE) * CY_ECC_ROW_SIZE)
                0x00000000                ee_offset = (CY_APPL_LOADABLE && ! (CY_EE_IN_BTLDR))?((CY_EE_SIZE / CY_APPL_MAX) * (CY_APPL_NUM - 0x1)):0x0
                0x00000800                ee_size = (CY_APPL_LOADABLE && ! (CY_EE_IN_BTLDR))?(CY_EE_SIZE / CY_APPL_MAX):CY_EE_SIZE
                [!provide]                PROVIDE (CY_ECC_OFFSET, ecc_offset)

.text           0x00000000     0x4410
 CREATE_OBJECT_SYMBOLS
                0x00000000                PROVIDE (__cy_interrupt_vector, RomVectors)
 *(.romvectors)
 .romvectors    0x00000000       0x10 .\CortexM3\ARM_GCC_541\Debug\Cm3Start.o
                0x00000000                RomVectors
                0x00000001                ASSERT ((. != __cy_interrupt_vector), No interrupt vector)
                0x00000001                ASSERT (CY_APPL_ORIGIN?(SIZEOF (.cybootloader) <= CY_APPL_ORIGIN):0x1, Wrong image location)
                0x00000010                PROVIDE (__cy_reset, Reset)
 *(.text.Reset)
 .text.Reset    0x00000010       0x18 .\CortexM3\ARM_GCC_541\Debug\Cm3Start.o
                0x00000010                Reset
                0x00000001                ASSERT ((. != __cy_reset), No reset code)
 *(.dma_init)
                0x00000001                ASSERT ((((appl_start + .) <= 0x10000) || 0x1), DMA Init must be within the first 64k of flash)
 *(.text .text.* .gnu.linkonce.t.*)
 .text          0x00000028       0x5c c:/program files (x86)/cypress/psoc creator/4.3/psoc creator/import/gnu/arm/5.4.1/bin/../lib/gcc/arm-none-eabi/5.4.1/armv7-m/crtbegin.o
 .text.distance
                0x00000084       0x38 .\CortexM3\ARM_GCC_541\Debug\main.o
                0x00000084                distance
 .text.update_state
                0x000000bc       0x78 .\CortexM3\ARM_GCC_541\Debug\main.o
                0x000000bc                update_state
 .text.main     0x00000134      0x194 .\CortexM3\ARM_GCC_541\Debug\main.o
                0x00000134                main
 .text.powf     0x000002c8       0x34 .\CortexM3\ARM_GCC_541\Debug\aux_functions.o
                0x000002c8                powf
 .text.float2string
                0x000002fc       0x68 .\CortexM3\ARM_GCC_541\Debug\aux_functions.o
                0x000002fc                float2string
 *fill*         0x00000364        0x4 
 .text.acaoControle
                0x00000368      0x2bc .\CortexM3\ARM_GCC_541\Debug\controle_cinematico.o
                0x00000368                acaoControle
 *fill*         0x00000624        0x4 
 .text.saidaModelo
                0x00000628      0x1f8 .\CortexM3\ARM_GCC_541\Debug\controle_cinematico.o
                0x00000628                saidaModelo
 .text.controle_cinematico_isr
                0x00000820      0x1a4 .\CortexM3\ARM_GCC_541\Debug\controle_cinematico.o
                0x00000820                controle_cinematico_isr
 *fill*         0x000009c4        0x4 
 .text.timer_cinematico_isr_handler
                0x000009c8       0x70 .\CortexM3\ARM_GCC_541\Debug\isr.o
                0x000009c8                timer_cinematico_isr_handler
 .text.CyClockStartupError
                0x00000a38        0x4 .\CortexM3\ARM_GCC_541\Debug\cyfitter_cfg.o
 .text.cfg_write_bytes32
                0x00000a3c       0x34 .\CortexM3\ARM_GCC_541\Debug\cyfitter_cfg.o
 .text.AnalogSetDefault
                0x00000a70       0x28 .\CortexM3\ARM_GCC_541\Debug\cyfitter_cfg.o
 .text.CYMEMZERO
                0x00000a98        0xc .\CortexM3\ARM_GCC_541\Debug\cyfitter_cfg.o
 .text.ClockSetup
                0x00000aa4       0xcc .\CortexM3\ARM_GCC_541\Debug\cyfitter_cfg.o
 .text.CYCONFIGCPY
                0x00000b70        0x8 .\CortexM3\ARM_GCC_541\Debug\cyfitter_cfg.o
 .text.cyfitter_cfg
                0x00000b78      0x168 .\CortexM3\ARM_GCC_541\Debug\cyfitter_cfg.o
                0x00000b78                cyfitter_cfg
 .text.IntDefaultHandler
                0x00000ce0       0x10 .\CortexM3\ARM_GCC_541\Debug\Cm3Start.o
                0x00000ce0                IntDefaultHandler
 .text._sbrk    0x00000cf0       0x30 .\CortexM3\ARM_GCC_541\Debug\Cm3Start.o
                0x00000cf0                _sbrk
 .text.Start_c  0x00000d20       0x4c .\CortexM3\ARM_GCC_541\Debug\Cm3Start.o
                0x00000d20                Start_c
 .text.initialize_psoc
                0x00000d6c       0x68 .\CortexM3\ARM_GCC_541\Debug\Cm3Start.o
                0x00000d6c                initialize_psoc
 .text.UART_Init
                0x00000dd4       0x28 .\CortexM3\ARM_GCC_541\Debug\teste_controlador.a(UART.o)
                0x00000dd4                UART_Init
 .text.UART_Enable
                0x00000dfc       0x38 .\CortexM3\ARM_GCC_541\Debug\teste_controlador.a(UART.o)
                0x00000dfc                UART_Enable
 .text.UART_Start
                0x00000e34       0x1c .\CortexM3\ARM_GCC_541\Debug\teste_controlador.a(UART.o)
                0x00000e34                UART_Start
 .text.UART_PutChar
                0x00000e50       0x18 .\CortexM3\ARM_GCC_541\Debug\teste_controlador.a(UART.o)
                0x00000e50                UART_PutChar
 .text.UART_PutString
                0x00000e68       0x24 .\CortexM3\ARM_GCC_541\Debug\teste_controlador.a(UART.o)
                0x00000e68                UART_PutString
 .text.dir2_Write
                0x00000e8c       0x18 .\CortexM3\ARM_GCC_541\Debug\teste_controlador.a(dir2.o)
                0x00000e8c                dir2_Write
 .text.dir1_Write
                0x00000ea4       0x18 .\CortexM3\ARM_GCC_541\Debug\teste_controlador.a(dir1.o)
                0x00000ea4                dir1_Write
 .text.dir3_Write
                0x00000ebc       0x18 .\CortexM3\ARM_GCC_541\Debug\teste_controlador.a(dir3.o)
                0x00000ebc                dir3_Write
 .text.TimerCinematico_Enable
                0x00000ed4       0x10 .\CortexM3\ARM_GCC_541\Debug\teste_controlador.a(TimerCinematico.o)
                0x00000ed4                TimerCinematico_Enable
 .text.TimerCinematico_SetInterruptMode
                0x00000ee4        0xc .\CortexM3\ARM_GCC_541\Debug\teste_controlador.a(TimerCinematico.o)
                0x00000ee4                TimerCinematico_SetInterruptMode
 .text.TimerCinematico_ReadStatusRegister
                0x00000ef0        0xc .\CortexM3\ARM_GCC_541\Debug\teste_controlador.a(TimerCinematico.o)
                0x00000ef0                TimerCinematico_ReadStatusRegister
 .text.TimerCinematico_WritePeriod
                0x00000efc        0xc .\CortexM3\ARM_GCC_541\Debug\teste_controlador.a(TimerCinematico.o)
                0x00000efc                TimerCinematico_WritePeriod
 .text.TimerCinematico_ReadCapture
                0x00000f08        0xc .\CortexM3\ARM_GCC_541\Debug\teste_controlador.a(TimerCinematico.o)
                0x00000f08                TimerCinematico_ReadCapture
 .text.TimerCinematico_WriteCounter
                0x00000f14        0xc .\CortexM3\ARM_GCC_541\Debug\teste_controlador.a(TimerCinematico.o)
                0x00000f14                TimerCinematico_WriteCounter
 .text.TimerCinematico_ClearFIFO
                0x00000f20       0x14 .\CortexM3\ARM_GCC_541\Debug\teste_controlador.a(TimerCinematico.o)
                0x00000f20                TimerCinematico_ClearFIFO
 .text.TimerCinematico_Init
                0x00000f34       0x30 .\CortexM3\ARM_GCC_541\Debug\teste_controlador.a(TimerCinematico.o)
                0x00000f34                TimerCinematico_Init
 .text.TimerCinematico_Start
                0x00000f64       0x1c .\CortexM3\ARM_GCC_541\Debug\teste_controlador.a(TimerCinematico.o)
                0x00000f64                TimerCinematico_Start
 .text.isr_timer_cinematico_SetVector
                0x00000f80        0xc .\CortexM3\ARM_GCC_541\Debug\teste_controlador.a(isr_timer_cinematico.o)
                0x00000f80                isr_timer_cinematico_SetVector
 .text.isr_timer_cinematico_SetPriority
                0x00000f8c       0x10 .\CortexM3\ARM_GCC_541\Debug\teste_controlador.a(isr_timer_cinematico.o)
                0x00000f8c                isr_timer_cinematico_SetPriority
 .text.isr_timer_cinematico_Enable
                0x00000f9c        0xc .\CortexM3\ARM_GCC_541\Debug\teste_controlador.a(isr_timer_cinematico.o)
                0x00000f9c                isr_timer_cinematico_Enable
 .text.isr_timer_cinematico_Disable
                0x00000fa8        0xc .\CortexM3\ARM_GCC_541\Debug\teste_controlador.a(isr_timer_cinematico.o)
                0x00000fa8                isr_timer_cinematico_Disable
 .text.isr_timer_cinematico_StartEx
                0x00000fb4       0x1c .\CortexM3\ARM_GCC_541\Debug\teste_controlador.a(isr_timer_cinematico.o)
                0x00000fb4                isr_timer_cinematico_StartEx
 .text.UART_IntClock_Start
                0x00000fd0       0x1c .\CortexM3\ARM_GCC_541\Debug\teste_controlador.a(UART_IntClock.o)
                0x00000fd0                UART_IntClock_Start
 .text.CyHalt   0x00000fec        0x4 .\CortexM3\ARM_GCC_541\Debug\teste_controlador.a(CyLib.o)
                0x00000fec                CyHalt
 .text.CyDelay  0x00000ff0       0x2c .\CortexM3\ARM_GCC_541\Debug\teste_controlador.a(CyLib.o)
                0x00000ff0                CyDelay
 .text.CyIntSetVector
                0x0000101c       0x28 .\CortexM3\ARM_GCC_541\Debug\teste_controlador.a(CyLib.o)
                0x0000101c                CyIntSetVector
 .text.CyIntSetPriority
                0x00001044       0x30 .\CortexM3\ARM_GCC_541\Debug\teste_controlador.a(CyLib.o)
                0x00001044                CyIntSetPriority
 .text.CAN_Stop
                0x00001074       0x5c .\CortexM3\ARM_GCC_541\Debug\teste_controlador.a(CAN.o)
                0x00001074                CAN_Stop
 .text.CAN_GlobalIntEnable
                0x000010d0       0x20 .\CortexM3\ARM_GCC_541\Debug\teste_controlador.a(CAN.o)
                0x000010d0                CAN_GlobalIntEnable
 .text.CAN_Enable
                0x000010f0       0x6c .\CortexM3\ARM_GCC_541\Debug\teste_controlador.a(CAN.o)
                0x000010f0                CAN_Enable
 .text.CAN_GlobalIntDisable
                0x0000115c       0x20 .\CortexM3\ARM_GCC_541\Debug\teste_controlador.a(CAN.o)
                0x0000115c                CAN_GlobalIntDisable
 .text.CAN_SetPreScaler
                0x0000117c       0x24 .\CortexM3\ARM_GCC_541\Debug\teste_controlador.a(CAN.o)
                0x0000117c                CAN_SetPreScaler
 .text.CAN_SetArbiter
                0x000011a0       0x3c .\CortexM3\ARM_GCC_541\Debug\teste_controlador.a(CAN.o)
                0x000011a0                CAN_SetArbiter
 .text.CAN_SetTsegSample
                0x000011dc       0x84 .\CortexM3\ARM_GCC_541\Debug\teste_controlador.a(CAN.o)
                0x000011dc                CAN_SetTsegSample
 .text.CAN_SetRestartType
                0x00001260       0x3c .\CortexM3\ARM_GCC_541\Debug\teste_controlador.a(CAN.o)
                0x00001260                CAN_SetRestartType
 .text.CAN_SetEdgeMode
                0x0000129c       0x3c .\CortexM3\ARM_GCC_541\Debug\teste_controlador.a(CAN.o)
                0x0000129c                CAN_SetEdgeMode
 .text.CAN_SetIrqMask
                0x000012d8       0x18 .\CortexM3\ARM_GCC_541\Debug\teste_controlador.a(CAN.o)
                0x000012d8                CAN_SetIrqMask
 .text.CAN_RxBufConfig
                0x000012f0       0x90 .\CortexM3\ARM_GCC_541\Debug\teste_controlador.a(CAN.o)
                0x000012f0                CAN_RxBufConfig
 .text.CAN_TxBufConfig
                0x00001380       0x54 .\CortexM3\ARM_GCC_541\Debug\teste_controlador.a(CAN.o)
                0x00001380                CAN_TxBufConfig
 .text.CAN_RxTxBuffersConfig
                0x000013d4       0x50 .\CortexM3\ARM_GCC_541\Debug\teste_controlador.a(CAN.o)
                0x000013d4                CAN_RxTxBuffersConfig
 .text.CAN_Init
                0x00001424       0xe0 .\CortexM3\ARM_GCC_541\Debug\teste_controlador.a(CAN.o)
                0x00001424                CAN_Init
 .text.CAN_Start
                0x00001504       0x24 .\CortexM3\ARM_GCC_541\Debug\teste_controlador.a(CAN.o)
                0x00001504                CAN_Start
 .text.CAN_BusOffIsr
                0x00001528       0x18 .\CortexM3\ARM_GCC_541\Debug\teste_controlador.a(CAN_INT.o)
                0x00001528                CAN_BusOffIsr
 .text.CAN_MsgRXIsr
                0x00001540       0x50 .\CortexM3\ARM_GCC_541\Debug\teste_controlador.a(CAN_INT.o)
                0x00001540                CAN_MsgRXIsr
 .text.CAN_ISR  0x00001590       0x24 .\CortexM3\ARM_GCC_541\Debug\teste_controlador.a(CAN_INT.o)
                0x00001590                CAN_ISR
 .text.CAN_SendMsg0
                0x000015b4       0x48 .\CortexM3\ARM_GCC_541\Debug\teste_controlador.a(CAN_TX_RX_func.o)
                0x000015b4                CAN_SendMsg0
 .text.CAN_SendMsg1
                0x000015fc       0x48 .\CortexM3\ARM_GCC_541\Debug\teste_controlador.a(CAN_TX_RX_func.o)
                0x000015fc                CAN_SendMsg1
 .text.CAN_ReceiveMsg
                0x00001644       0x1c .\CortexM3\ARM_GCC_541\Debug\teste_controlador.a(CAN_TX_RX_func.o)
                0x00001644                CAN_ReceiveMsg
 .text.CAN_ReceiveMsg0
                0x00001660       0x9c .\CortexM3\ARM_GCC_541\Debug\teste_controlador.a(CAN_TX_RX_func.o)
                0x00001660                CAN_ReceiveMsg0
 *fill*         0x000016fc        0x4 
 .text          0x00001700       0x20 .\CortexM3\ARM_GCC_541\Debug\teste_controlador.a(CyBootAsmGnu.o)
                0x00001700                CyDelayCycles
                0x00001710                CyEnterCriticalSection
                0x00001718                CyExitCriticalSection
 .text.led_Write
                0x00001720       0x18 .\CortexM3\ARM_GCC_541\Debug\teste_controlador.a(led.o)
                0x00001720                led_Write
 .text.led_Read
                0x00001738       0x10 .\CortexM3\ARM_GCC_541\Debug\teste_controlador.a(led.o)
                0x00001738                led_Read
 .text.cos      0x00001748       0x90 c:/program files (x86)/cypress/psoc creator/4.3/psoc creator/import/gnu/arm/5.4.1/bin/../lib/gcc/arm-none-eabi/5.4.1/../../../../arm-none-eabi/lib/armv7-m\libm.a(lib_a-s_cos.o)
                0x00001748                cos
 .text.floor    0x000017d8      0x110 c:/program files (x86)/cypress/psoc creator/4.3/psoc creator/import/gnu/arm/5.4.1/bin/../lib/gcc/arm-none-eabi/5.4.1/../../../../arm-none-eabi/lib/armv7-m\libm.a(lib_a-s_floor.o)
                0x000017d8                floor
 .text.sin      0x000018e8       0x90 c:/program files (x86)/cypress/psoc creator/4.3/psoc creator/import/gnu/arm/5.4.1/bin/../lib/gcc/arm-none-eabi/5.4.1/../../../../arm-none-eabi/lib/armv7-m\libm.a(lib_a-s_sin.o)
                0x000018e8                sin
 .text.sqrtf    0x00001978       0x9c c:/program files (x86)/cypress/psoc creator/4.3/psoc creator/import/gnu/arm/5.4.1/bin/../lib/gcc/arm-none-eabi/5.4.1/../../../../arm-none-eabi/lib/armv7-m\libm.a(lib_a-wf_sqrt.o)
                0x00001978                sqrtf
 *fill*         0x00001a14        0x4 
 .text.__ieee754_rem_pio2
                0x00001a18      0x42c c:/program files (x86)/cypress/psoc creator/4.3/psoc creator/import/gnu/arm/5.4.1/bin/../lib/gcc/arm-none-eabi/5.4.1/../../../../arm-none-eabi/lib/armv7-m\libm.a(lib_a-e_rem_pio2.o)
                0x00001a18                __ieee754_rem_pio2
 .text.__ieee754_sqrtf
                0x00001e44       0xa8 c:/program files (x86)/cypress/psoc creator/4.3/psoc creator/import/gnu/arm/5.4.1/bin/../lib/gcc/arm-none-eabi/5.4.1/../../../../arm-none-eabi/lib/armv7-m\libm.a(lib_a-ef_sqrt.o)
                0x00001e44                __ieee754_sqrtf
 *fill*         0x00001eec        0x4 
 .text.__kernel_cos
                0x00001ef0      0x248 c:/program files (x86)/cypress/psoc creator/4.3/psoc creator/import/gnu/arm/5.4.1/bin/../lib/gcc/arm-none-eabi/5.4.1/../../../../arm-none-eabi/lib/armv7-m\libm.a(lib_a-k_cos.o)
                0x00001ef0                __kernel_cos
 .text.__kernel_rem_pio2
                0x00002138      0x7f0 c:/program files (x86)/cypress/psoc creator/4.3/psoc creator/import/gnu/arm/5.4.1/bin/../lib/gcc/arm-none-eabi/5.4.1/../../../../arm-none-eabi/lib/armv7-m\libm.a(lib_a-k_rem_pio2.o)
                0x00002138                __kernel_rem_pio2
 .text.__kernel_sin
                0x00002928      0x16c c:/program files (x86)/cypress/psoc creator/4.3/psoc creator/import/gnu/arm/5.4.1/bin/../lib/gcc/arm-none-eabi/5.4.1/../../../../arm-none-eabi/lib/armv7-m\libm.a(lib_a-k_sin.o)
                0x00002928                __kernel_sin
 .text.fabs     0x00002a94        0x8 c:/program files (x86)/cypress/psoc creator/4.3/psoc creator/import/gnu/arm/5.4.1/bin/../lib/gcc/arm-none-eabi/5.4.1/../../../../arm-none-eabi/lib/armv7-m\libm.a(lib_a-s_fabs.o)
                0x00002a94                fabs
 .text.matherr  0x00002a9c        0x4 c:/program files (x86)/cypress/psoc creator/4.3/psoc creator/import/gnu/arm/5.4.1/bin/../lib/gcc/arm-none-eabi/5.4.1/../../../../arm-none-eabi/lib/armv7-m\libm.a(lib_a-s_matherr.o)
                0x00002a9c                matherr
 .text.scalbn   0x00002aa0       0xe4 c:/program files (x86)/cypress/psoc creator/4.3/psoc creator/import/gnu/arm/5.4.1/bin/../lib/gcc/arm-none-eabi/5.4.1/../../../../arm-none-eabi/lib/armv7-m\libm.a(lib_a-s_scalbn.o)
                0x00002aa0                scalbn
 .text.copysign
                0x00002b84       0x10 c:/program files (x86)/cypress/psoc creator/4.3/psoc creator/import/gnu/arm/5.4.1/bin/../lib/gcc/arm-none-eabi/5.4.1/../../../../arm-none-eabi/lib/armv7-m\libm.a(lib_a-s_copysign.o)
                0x00002b84                copysign
 .text          0x00002b94      0x370 c:/program files (x86)/cypress/psoc creator/4.3/psoc creator/import/gnu/arm/5.4.1/bin/../lib/gcc/arm-none-eabi/5.4.1/armv7-m\libgcc.a(_arm_addsubdf3.o)
                0x00002b94                __aeabi_drsub
                0x00002b9c                __aeabi_dsub
                0x00002b9c                __subdf3
                0x00002ba0                __aeabi_dadd
                0x00002ba0                __adddf3
                0x00002e18                __floatunsidf
                0x00002e18                __aeabi_ui2d
                0x00002e38                __floatsidf
                0x00002e38                __aeabi_i2d
                0x00002e5c                __aeabi_f2d
                0x00002e5c                __extendsfdf2
                0x00002e98                __floatundidf
                0x00002e98                __aeabi_ul2d
                0x00002ea8                __floatdidf
                0x00002ea8                __aeabi_l2d
 .text          0x00002f04      0x424 c:/program files (x86)/cypress/psoc creator/4.3/psoc creator/import/gnu/arm/5.4.1/bin/../lib/gcc/arm-none-eabi/5.4.1/armv7-m\libgcc.a(_arm_muldivdf3.o)
                0x00002f04                __aeabi_dmul
                0x00002f04                __muldf3
                0x00003158                __divdf3
                0x00003158                __aeabi_ddiv
 .text          0x00003328      0x110 c:/program files (x86)/cypress/psoc creator/4.3/psoc creator/import/gnu/arm/5.4.1/bin/../lib/gcc/arm-none-eabi/5.4.1/armv7-m\libgcc.a(_arm_cmpdf2.o)
                0x00003328                __gtdf2
                0x00003328                __gedf2
                0x00003330                __ltdf2
                0x00003330                __ledf2
                0x00003338                __nedf2
                0x00003338                __eqdf2
                0x00003338                __cmpdf2
                0x000033b4                __aeabi_cdrcmple
                0x000033c4                __aeabi_cdcmpeq
                0x000033c4                __aeabi_cdcmple
                0x000033d4                __aeabi_dcmpeq
                0x000033e8                __aeabi_dcmplt
                0x000033fc                __aeabi_dcmple
                0x00003410                __aeabi_dcmpge
                0x00003424                __aeabi_dcmpgt
 .text          0x00003438       0x50 c:/program files (x86)/cypress/psoc creator/4.3/psoc creator/import/gnu/arm/5.4.1/bin/../lib/gcc/arm-none-eabi/5.4.1/armv7-m\libgcc.a(_arm_fixdfsi.o)
                0x00003438                __aeabi_d2iz
                0x00003438                __fixdfsi
 .text          0x00003488       0xa0 c:/program files (x86)/cypress/psoc creator/4.3/psoc creator/import/gnu/arm/5.4.1/bin/../lib/gcc/arm-none-eabi/5.4.1/armv7-m\libgcc.a(_arm_truncdfsf2.o)
                0x00003488                __truncdfsf2
                0x00003488                __aeabi_d2f
 .text          0x00003528      0x21c c:/program files (x86)/cypress/psoc creator/4.3/psoc creator/import/gnu/arm/5.4.1/bin/../lib/gcc/arm-none-eabi/5.4.1/armv7-m\libgcc.a(_arm_addsubsf3.o)
                0x00003528                __aeabi_frsub
                0x00003530                __subsf3
                0x00003530                __aeabi_fsub
                0x00003534                __aeabi_fadd
                0x00003534                __addsf3
                0x00003694                __aeabi_ui2f
                0x00003694                __floatunsisf
                0x0000369c                __aeabi_i2f
                0x0000369c                __floatsisf
                0x000036b8                __aeabi_ul2f
                0x000036b8                __floatundisf
                0x000036c8                __aeabi_l2f
                0x000036c8                __floatdisf
 .text          0x00003744      0x2a0 c:/program files (x86)/cypress/psoc creator/4.3/psoc creator/import/gnu/arm/5.4.1/bin/../lib/gcc/arm-none-eabi/5.4.1/armv7-m\libgcc.a(_arm_muldivsf3.o)
                0x00003744                __mulsf3
                0x00003744                __aeabi_fmul
                0x000038ac                __aeabi_fdiv
                0x000038ac                __divsf3
 .text          0x000039e4       0xec c:/program files (x86)/cypress/psoc creator/4.3/psoc creator/import/gnu/arm/5.4.1/bin/../lib/gcc/arm-none-eabi/5.4.1/armv7-m\libgcc.a(_arm_cmpsf2.o)
                0x000039e4                __gesf2
                0x000039e4                __gtsf2
                0x000039ec                __lesf2
                0x000039ec                __ltsf2
                0x000039f4                __nesf2
                0x000039f4                __eqsf2
                0x000039f4                __cmpsf2
                0x00003a54                __aeabi_cfrcmple
                0x00003a5c                __aeabi_cfcmpeq
                0x00003a5c                __aeabi_cfcmple
                0x00003a6c                __aeabi_fcmpeq
                0x00003a80                __aeabi_fcmplt
                0x00003a94                __aeabi_fcmple
                0x00003aa8                __aeabi_fcmpge
                0x00003abc                __aeabi_fcmpgt
 .text          0x00003ad0       0x2c c:/program files (x86)/cypress/psoc creator/4.3/psoc creator/import/gnu/arm/5.4.1/bin/../lib/gcc/arm-none-eabi/5.4.1/armv7-m\libgcc.a(_arm_unordsf2.o)
                0x00003ad0                __unordsf2
                0x00003ad0                __aeabi_fcmpun
 .text          0x00003afc       0x4c c:/program files (x86)/cypress/psoc creator/4.3/psoc creator/import/gnu/arm/5.4.1/bin/../lib/gcc/arm-none-eabi/5.4.1/armv7-m\libgcc.a(_arm_fixsfsi.o)
                0x00003afc                __aeabi_f2iz
                0x00003afc                __fixsfsi
 .text.__errno  0x00003b48        0xc c:/program files (x86)/cypress/psoc creator/4.3/psoc creator/import/gnu/arm/5.4.1/bin/../lib/gcc/arm-none-eabi/5.4.1/../../../../arm-none-eabi/lib/armv7-m\libg_nano.a(lib_a-errno.o)
                0x00003b48                __errno
 .text.__libc_init_array
                0x00003b54       0x4c c:/program files (x86)/cypress/psoc creator/4.3/psoc creator/import/gnu/arm/5.4.1/bin/../lib/gcc/arm-none-eabi/5.4.1/../../../../arm-none-eabi/lib/armv7-m\libg_nano.a(lib_a-init.o)
                0x00003b54                __libc_init_array
 .text.memcpy   0x00003ba0       0x16 c:/program files (x86)/cypress/psoc creator/4.3/psoc creator/import/gnu/arm/5.4.1/bin/../lib/gcc/arm-none-eabi/5.4.1/../../../../arm-none-eabi/lib/armv7-m\libg_nano.a(lib_a-memcpy-stub.o)
                0x00003ba0                memcpy
 .text.memset   0x00003bb6       0x10 c:/program files (x86)/cypress/psoc creator/4.3/psoc creator/import/gnu/arm/5.4.1/bin/../lib/gcc/arm-none-eabi/5.4.1/../../../../arm-none-eabi/lib/armv7-m\libg_nano.a(lib_a-memset.o)
                0x00003bb6                memset
 *fill*         0x00003bc6        0x2 
 .text.sprintf  0x00003bc8       0x48 c:/program files (x86)/cypress/psoc creator/4.3/psoc creator/import/gnu/arm/5.4.1/bin/../lib/gcc/arm-none-eabi/5.4.1/../../../../arm-none-eabi/lib/armv7-m\libg_nano.a(lib_a-sprintf.o)
                0x00003bc8                siprintf
                0x00003bc8                sprintf
 .text.__ssputs_r
                0x00003c10       0xb2 c:/program files (x86)/cypress/psoc creator/4.3/psoc creator/import/gnu/arm/5.4.1/bin/../lib/gcc/arm-none-eabi/5.4.1/../../../../arm-none-eabi/lib/armv7-m\libg_nano.a(lib_a-nano-svfprintf.o)
                0x00003c10                __ssputs_r
 *fill*         0x00003cc2        0x2 
 .text._svfprintf_r
                0x00003cc4      0x1e8 c:/program files (x86)/cypress/psoc creator/4.3/psoc creator/import/gnu/arm/5.4.1/bin/../lib/gcc/arm-none-eabi/5.4.1/../../../../arm-none-eabi/lib/armv7-m\libg_nano.a(lib_a-nano-svfprintf.o)
                0x00003cc4                _svfiprintf_r
                0x00003cc4                _svfprintf_r
 .text._printf_common
                0x00003eac       0xec c:/program files (x86)/cypress/psoc creator/4.3/psoc creator/import/gnu/arm/5.4.1/bin/../lib/gcc/arm-none-eabi/5.4.1/../../../../arm-none-eabi/lib/armv7-m\libg_nano.a(lib_a-nano-vfprintf_i.o)
                0x00003eac                _printf_common
 .text._printf_i
                0x00003f98      0x24c c:/program files (x86)/cypress/psoc creator/4.3/psoc creator/import/gnu/arm/5.4.1/bin/../lib/gcc/arm-none-eabi/5.4.1/../../../../arm-none-eabi/lib/armv7-m\libg_nano.a(lib_a-nano-vfprintf_i.o)
                0x00003f98                _printf_i
 .text.memchr   0x000041e4       0x1c c:/program files (x86)/cypress/psoc creator/4.3/psoc creator/import/gnu/arm/5.4.1/bin/../lib/gcc/arm-none-eabi/5.4.1/../../../../arm-none-eabi/lib/armv7-m\libg_nano.a(lib_a-memchr-stub.o)
                0x000041e4                memchr
 .text.memmove  0x00004200       0x36 c:/program files (x86)/cypress/psoc creator/4.3/psoc creator/import/gnu/arm/5.4.1/bin/../lib/gcc/arm-none-eabi/5.4.1/../../../../arm-none-eabi/lib/armv7-m\libg_nano.a(lib_a-memmove.o)
                0x00004200                memmove
 *fill*         0x00004236        0x2 
 .text._free_r  0x00004238       0x98 c:/program files (x86)/cypress/psoc creator/4.3/psoc creator/import/gnu/arm/5.4.1/bin/../lib/gcc/arm-none-eabi/5.4.1/../../../../arm-none-eabi/lib/armv7-m\libg_nano.a(lib_a-nano-freer.o)
                0x00004238                _free_r
 .text._malloc_r
                0x000042d0       0xbc c:/program files (x86)/cypress/psoc creator/4.3/psoc creator/import/gnu/arm/5.4.1/bin/../lib/gcc/arm-none-eabi/5.4.1/../../../../arm-none-eabi/lib/armv7-m\libg_nano.a(lib_a-nano-mallocr.o)
                0x000042d0                _malloc_r
 .text._realloc_r
                0x0000438c       0x4c c:/program files (x86)/cypress/psoc creator/4.3/psoc creator/import/gnu/arm/5.4.1/bin/../lib/gcc/arm-none-eabi/5.4.1/../../../../arm-none-eabi/lib/armv7-m\libg_nano.a(lib_a-nano-reallocr.o)
                0x0000438c                _realloc_r
 .text._sbrk_r  0x000043d8       0x20 c:/program files (x86)/cypress/psoc creator/4.3/psoc creator/import/gnu/arm/5.4.1/bin/../lib/gcc/arm-none-eabi/5.4.1/../../../../arm-none-eabi/lib/armv7-m\libg_nano.a(lib_a-sbrkr.o)
                0x000043d8                _sbrk_r
 .text.__malloc_lock
                0x000043f8        0x2 c:/program files (x86)/cypress/psoc creator/4.3/psoc creator/import/gnu/arm/5.4.1/bin/../lib/gcc/arm-none-eabi/5.4.1/../../../../arm-none-eabi/lib/armv7-m\libg_nano.a(lib_a-mlock.o)
                0x000043f8                __malloc_lock
 .text.__malloc_unlock
                0x000043fa        0x2 c:/program files (x86)/cypress/psoc creator/4.3/psoc creator/import/gnu/arm/5.4.1/bin/../lib/gcc/arm-none-eabi/5.4.1/../../../../arm-none-eabi/lib/armv7-m\libg_nano.a(lib_a-mlock.o)
                0x000043fa                __malloc_unlock
 .text._malloc_usable_size_r
                0x000043fc       0x14 c:/program files (x86)/cypress/psoc creator/4.3/psoc creator/import/gnu/arm/5.4.1/bin/../lib/gcc/arm-none-eabi/5.4.1/../../../../arm-none-eabi/lib/armv7-m\libg_nano.a(lib_a-nano-msizer.o)
                0x000043fc                _malloc_usable_size_r
 *(.plt)
 *(.gnu.warning)
 *(.glue_7t)
 .glue_7t       0x00004410        0x0 linker stubs
 *(.glue_7)
 .glue_7        0x00004410        0x0 linker stubs
 *(.vfp11_veneer)
 .vfp11_veneer  0x00004410        0x0 linker stubs
 *(.bootloader)
 *(.ARM.extab* .gnu.linkonce.armextab.*)
 *(.gcc_except_table)

.v4_bx          0x00004410        0x0
 .v4_bx         0x00004410        0x0 linker stubs

.iplt           0x00004410        0x0
 .iplt          0x00004410        0x0 c:/program files (x86)/cypress/psoc creator/4.3/psoc creator/import/gnu/arm/5.4.1/bin/../lib/gcc/arm-none-eabi/5.4.1/armv7-m/crtbegin.o

.eh_frame_hdr
 *(.eh_frame_hdr)

.eh_frame       0x00004410        0x4
 *(.eh_frame)
 .eh_frame      0x00004410        0x0 c:/program files (x86)/cypress/psoc creator/4.3/psoc creator/import/gnu/arm/5.4.1/bin/../lib/gcc/arm-none-eabi/5.4.1/armv7-m/crtbegin.o
 .eh_frame      0x00004410        0x4 c:/program files (x86)/cypress/psoc creator/4.3/psoc creator/import/gnu/arm/5.4.1/bin/../lib/gcc/arm-none-eabi/5.4.1/armv7-m/crtend.o
                [!provide]                PROVIDE (__exidx_start, .)

.ARM.exidx
 *(.ARM.exidx* .gnu.linkonce.armexidx.*)
                0x00004414                __exidx_end = .

.rodata         0x00004418      0x408
 *(.rodata .rodata.* .gnu.linkonce.r.*)
 .rodata.str1.4
                0x00004418        0xf .\CortexM3\ARM_GCC_541\Debug\main.o
 *fill*         0x00004427        0x1 
 .rodata        0x00004428        0x7 .\CortexM3\ARM_GCC_541\Debug\aux_functions.o
 *fill*         0x0000442f        0x1 
 .rodata        0x00004430       0x40 .\CortexM3\ARM_GCC_541\Debug\cyfitter_cfg.o
 .rodata        0x00004470      0x160 .\CortexM3\ARM_GCC_541\Debug\teste_controlador.a(CAN.o)
 .rodata.str1.4
                0x000045d0        0x8 c:/program files (x86)/cypress/psoc creator/4.3/psoc creator/import/gnu/arm/5.4.1/bin/../lib/gcc/arm-none-eabi/5.4.1/../../../../arm-none-eabi/lib/armv7-m\libm.a(lib_a-wf_sqrt.o)
                                  0x6 (size before relaxing)
 .rodata.npio2_hw
                0x000045d8       0x80 c:/program files (x86)/cypress/psoc creator/4.3/psoc creator/import/gnu/arm/5.4.1/bin/../lib/gcc/arm-none-eabi/5.4.1/../../../../arm-none-eabi/lib/armv7-m\libm.a(lib_a-e_rem_pio2.o)
 .rodata.two_over_pi
                0x00004658      0x108 c:/program files (x86)/cypress/psoc creator/4.3/psoc creator/import/gnu/arm/5.4.1/bin/../lib/gcc/arm-none-eabi/5.4.1/../../../../arm-none-eabi/lib/armv7-m\libm.a(lib_a-e_rem_pio2.o)
 .rodata.init_jk
                0x00004760       0x10 c:/program files (x86)/cypress/psoc creator/4.3/psoc creator/import/gnu/arm/5.4.1/bin/../lib/gcc/arm-none-eabi/5.4.1/../../../../arm-none-eabi/lib/armv7-m\libm.a(lib_a-k_rem_pio2.o)
 .rodata.PIo2   0x00004770       0x40 c:/program files (x86)/cypress/psoc creator/4.3/psoc creator/import/gnu/arm/5.4.1/bin/../lib/gcc/arm-none-eabi/5.4.1/../../../../arm-none-eabi/lib/armv7-m\libm.a(lib_a-k_rem_pio2.o)
 .rodata.str1.1
                0x000047b0        0x2 c:/program files (x86)/cypress/psoc creator/4.3/psoc creator/import/gnu/arm/5.4.1/bin/../lib/gcc/arm-none-eabi/5.4.1/../../../../arm-none-eabi/lib/armv7-m\libg_nano.a(lib_a-impure.o)
 .rodata.str1.1
                0x000047b2       0x11 c:/program files (x86)/cypress/psoc creator/4.3/psoc creator/import/gnu/arm/5.4.1/bin/../lib/gcc/arm-none-eabi/5.4.1/../../../../arm-none-eabi/lib/armv7-m\libg_nano.a(lib_a-nano-svfprintf.o)
 .rodata.str1.1
                0x000047c3       0x22 c:/program files (x86)/cypress/psoc creator/4.3/psoc creator/import/gnu/arm/5.4.1/bin/../lib/gcc/arm-none-eabi/5.4.1/../../../../arm-none-eabi/lib/armv7-m\libg_nano.a(lib_a-nano-vfprintf_i.o)
                0x000047e8                . = ALIGN (0x4)
 *fill*         0x000047e5        0x3 
 *(.init)
 .init          0x000047e8        0x4 c:/program files (x86)/cypress/psoc creator/4.3/psoc creator/import/gnu/arm/5.4.1/bin/../lib/gcc/arm-none-eabi/5.4.1/armv7-m/crti.o
                0x000047e8                _init
 .init          0x000047ec        0x8 c:/program files (x86)/cypress/psoc creator/4.3/psoc creator/import/gnu/arm/5.4.1/bin/../lib/gcc/arm-none-eabi/5.4.1/armv7-m/crtn.o
                0x000047f4                . = ALIGN (0x4)
                0x000047f4                __preinit_array_start = .
 *(.preinit_array)
                0x000047f4                __preinit_array_end = .
                0x000047f4                . = ALIGN (0x4)
                0x000047f4                __init_array_start = .
 *(SORT(.init_array.*))
 *(.init_array)
 .init_array    0x000047f4        0x4 c:/program files (x86)/cypress/psoc creator/4.3/psoc creator/import/gnu/arm/5.4.1/bin/../lib/gcc/arm-none-eabi/5.4.1/armv7-m/crtbegin.o
 .init_array    0x000047f8        0x4 .\CortexM3\ARM_GCC_541\Debug\Cm3Start.o
                0x000047fc                __init_array_end = .
                0x000047fc                . = ALIGN (0x4)
 *(.fini)
 .fini          0x000047fc        0x4 c:/program files (x86)/cypress/psoc creator/4.3/psoc creator/import/gnu/arm/5.4.1/bin/../lib/gcc/arm-none-eabi/5.4.1/armv7-m/crti.o
                0x000047fc                _fini
 .fini          0x00004800        0x8 c:/program files (x86)/cypress/psoc creator/4.3/psoc creator/import/gnu/arm/5.4.1/bin/../lib/gcc/arm-none-eabi/5.4.1/armv7-m/crtn.o
                0x00004808                . = ALIGN (0x4)
                0x00004808                __fini_array_start = .
 *(.fini_array)
 .fini_array    0x00004808        0x4 c:/program files (x86)/cypress/psoc creator/4.3/psoc creator/import/gnu/arm/5.4.1/bin/../lib/gcc/arm-none-eabi/5.4.1/armv7-m/crtbegin.o
 *(SORT(.fini_array.*))
                0x0000480c                __fini_array_end = .
                0x0000480c                . = ALIGN (0x4)
 *crtbegin.o(.ctors)
 *(EXCLUDE_FILE(*crtend.o) .ctors)
 *(SORT(.ctors.*))
 *crtend.o(.ctors)
                0x0000480c                . = ALIGN (0x4)
 *crtbegin.o(.dtors)
 *(EXCLUDE_FILE(*crtend.o) .dtors)
 *(SORT(.dtors.*))
 *crtend.o(.dtors)
                0x0000480c                . = ALIGN (0x4)
                0x0000480c                __cy_regions = .
                0x0000480c        0x4 LONG 0x4820 __cy_region_init_ram
                0x00004810        0x4 LONG 0x1fff80c8 __cy_region_start_data
                0x00004814        0x4 LONG 0xc28 __cy_region_init_size_ram
                0x00004818        0x4 LONG 0x180 __cy_region_zero_size_ram
                0x0000481c                __cy_regions_end = .
                0x00004820                . = ALIGN (0x8)
 *fill*         0x0000481c        0x4 
                0x00004820                _etext = .

.cy_checksum_exclude
                0x00004820        0x0
 *(.cy_checksum_exclude)

.ramvectors     0x1fff8000       0xc0
                0x1fff8000                __cy_region_start_ram = .
 *(.ramvectors)
 .ramvectors    0x1fff8000       0xc0 .\CortexM3\ARM_GCC_541\Debug\Cm3Start.o
                0x1fff8000                CyRamVectors

.noinit         0x1fff80c0        0x1
 *(.noinit)
 .noinit        0x1fff80c0        0x1 .\CortexM3\ARM_GCC_541\Debug\teste_controlador.a(CyLib.o)
                0x1fff80c0                CyResetStatus

.data           0x1fff80c8      0xc28 load address 0x00004820
                0x1fff80c8                __cy_region_start_data = .
 *(.jcr)
 .jcr           0x1fff80c8        0x0 c:/program files (x86)/cypress/psoc creator/4.3/psoc creator/import/gnu/arm/5.4.1/bin/../lib/gcc/arm-none-eabi/5.4.1/armv7-m/crtbegin.o
 .jcr           0x1fff80c8        0x4 c:/program files (x86)/cypress/psoc creator/4.3/psoc creator/import/gnu/arm/5.4.1/bin/../lib/gcc/arm-none-eabi/5.4.1/armv7-m/crtend.o
 *(.got.plt)
 *(.got)
 *(.shdata)
 *(.data .data.* .gnu.linkonce.d.*)
 .data          0x1fff80cc       0x44 .\CortexM3\ARM_GCC_541\Debug\main.o
                0x1fff80cc                obstacles
                0x1fff80fc                received
                0x1fff8100                goal
                0x1fff8108                can_msg_tx
 .data          0x1fff8110       0xe4 .\CortexM3\ARM_GCC_541\Debug\controle_cinematico.o
                0x1fff8110                cinematico
                0x1fff81f0                fator
 .data          0x1fff81f4      0xa80 .\CortexM3\ARM_GCC_541\Debug\motor.o
                0x1fff81f4                rules_str
                0x1fff8b88                motor
                0x1fff8c6c                Ki_max
                0x1fff8c70                Kp_max
 .data          0x1fff8c74        0x4 .\CortexM3\ARM_GCC_541\Debug\Cm3Start.o
 .data          0x1fff8c78       0x10 .\CortexM3\ARM_GCC_541\Debug\teste_controlador.a(CyLib.o)
                0x1fff8c78                cydelay_32k_ms
                0x1fff8c7c                cydelay_freq_khz
                0x1fff8c80                cydelay_freq_mhz
                0x1fff8c84                cydelay_freq_hz
 .data.__fdlib_version
                0x1fff8c88        0x1 c:/program files (x86)/cypress/psoc creator/4.3/psoc creator/import/gnu/arm/5.4.1/bin/../lib/gcc/arm-none-eabi/5.4.1/../../../../arm-none-eabi/lib/armv7-m\libm.a(lib_a-s_lib_ver.o)
                0x1fff8c88                __fdlib_version
 *fill*         0x1fff8c89        0x3 
 .data.impure_data
                0x1fff8c8c       0x60 c:/program files (x86)/cypress/psoc creator/4.3/psoc creator/import/gnu/arm/5.4.1/bin/../lib/gcc/arm-none-eabi/5.4.1/../../../../arm-none-eabi/lib/armv7-m\libg_nano.a(lib_a-impure.o)
 .data._impure_ptr
                0x1fff8cec        0x4 c:/program files (x86)/cypress/psoc creator/4.3/psoc creator/import/gnu/arm/5.4.1/bin/../lib/gcc/arm-none-eabi/5.4.1/../../../../arm-none-eabi/lib/armv7-m\libg_nano.a(lib_a-impure.o)
                0x1fff8cec                _impure_ptr
                0x1fff8cf0                . = ALIGN (0x8)
 *(.ram)
                0x1fff8cf0                _edata = .

.igot.plt       0x1fff8cf0        0x0 load address 0x00005448
 .igot.plt      0x1fff8cf0        0x0 c:/program files (x86)/cypress/psoc creator/4.3/psoc creator/import/gnu/arm/5.4.1/bin/../lib/gcc/arm-none-eabi/5.4.1/armv7-m/crtbegin.o

.bss            0x1fff8cf0      0x180 load address 0x00005448
                0x1fff8cf0                PROVIDE (__bss_start__, .)
 *(.shbss)
 *(.bss .bss.* .gnu.linkonce.b.*)
 .bss           0x1fff8cf0       0x1c c:/program files (x86)/cypress/psoc creator/4.3/psoc creator/import/gnu/arm/5.4.1/bin/../lib/gcc/arm-none-eabi/5.4.1/armv7-m/crtbegin.o
 .bss           0x1fff8d0c        0x2 .\CortexM3\ARM_GCC_541\Debug\main.o
                0x1fff8d0c                is_positive
 *fill*         0x1fff8d0e        0x2 
 .bss           0x1fff8d10       0x54 .\CortexM3\ARM_GCC_541\Debug\controle_cinematico.o
                0x1fff8d10                sy
                0x1fff8d14                sx
                0x1fff8d18                _t
                0x1fff8d1c                soy
                0x1fff8d20                sox
                0x1fff8d24                msgPlayer
 .bss           0x1fff8d64        0x2 .\CortexM3\ARM_GCC_541\Debug\teste_controlador.a(UART.o)
                0x1fff8d64                UART_initVar
 .bss           0x1fff8d66        0x1 .\CortexM3\ARM_GCC_541\Debug\teste_controlador.a(TimerCinematico.o)
                0x1fff8d66                TimerCinematico_initVar
 .bss           0x1fff8d67        0x1 .\CortexM3\ARM_GCC_541\Debug\teste_controlador.a(CAN.o)
                0x1fff8d67                CAN_initVar
 .bss.__malloc_sbrk_start
                0x1fff8d68        0x4 c:/program files (x86)/cypress/psoc creator/4.3/psoc creator/import/gnu/arm/5.4.1/bin/../lib/gcc/arm-none-eabi/5.4.1/../../../../arm-none-eabi/lib/armv7-m\libg_nano.a(lib_a-nano-mallocr.o)
                0x1fff8d68                __malloc_sbrk_start
 .bss.__malloc_free_list
                0x1fff8d6c        0x4 c:/program files (x86)/cypress/psoc creator/4.3/psoc creator/import/gnu/arm/5.4.1/bin/../lib/gcc/arm-none-eabi/5.4.1/../../../../arm-none-eabi/lib/armv7-m\libg_nano.a(lib_a-nano-mallocr.o)
                0x1fff8d6c                __malloc_free_list
 *(COMMON)
 COMMON         0x1fff8d70       0x18 .\CortexM3\ARM_GCC_541\Debug\main.o
                0x1fff8d70                goal_dist
                0x1fff8d78                action
                0x1fff8d80                closest_obst
 COMMON         0x1fff8d88       0xe2 .\CortexM3\ARM_GCC_541\Debug\controle_cinematico.o
                0x1fff8d88                msgInstintivo
                0x1fff8dc4                dxAnt
                0x1fff8dc8                primDet
                0x1fff8dcc                xStr
                0x1fff8dd8                sonar
                0x1fff8e14                msgTeste
                0x1fff8e48                nVoltas
                0x1fff8e4c                dthetaAnt
                0x1fff8e50                thetaStr
                0x1fff8e5c                dyAnt
                0x1fff8e60                yStr
 *fill*         0x1fff8e6a        0x2 
 COMMON         0x1fff8e6c        0x4 c:/program files (x86)/cypress/psoc creator/4.3/psoc creator/import/gnu/arm/5.4.1/bin/../lib/gcc/arm-none-eabi/5.4.1/../../../../arm-none-eabi/lib/armv7-m\libg_nano.a(lib_a-reent.o)
                0x1fff8e6c                errno
                0x1fff8e70                . = ALIGN (0x8)
 *(.ram.b)
                0x1fff8e70                _end = .
                0x1fff8e70                __end = .
                0x1fff8e70                PROVIDE (end, .)
                0x1fff8e70                PROVIDE (__bss_end__, .)
                0x00004820                __cy_region_init_ram = LOADADDR (.data)
                0x00000c28                __cy_region_init_size_ram = (_edata - ADDR (.data))
                0x00000180                __cy_region_zero_size_ram = (_end - _edata)

.heap           0x1fff8e70       0x80 load address 0x00005448
                0x1fff8e70                . = _end
                0x1fff8ef0                . = (. + 0x80)
 *fill*         0x1fff8e70       0x80 
                0x1fff8ef0                __cy_heap_limit = .

.stack          0x20007800      0x800
                0x20007800                __cy_stack_limit = .
                0x20008000                . = (. + 0x800)
 *fill*         0x20007800      0x800 
                0x00000001                ASSERT ((__cy_stack_limit >= __cy_heap_limit), region RAM overflowed with stack)
                0x00000000                cy_checksum_exclude_size = (CY_APPL_LOADABLE == 0x1)?SIZEOF (.cy_checksum_exclude):0x0
                0x00000001                ASSERT ((cy_checksum_exclude_size <= CY_CHECKSUM_EXCLUDE_SIZE), CY_BOOT: Section .cy_checksum_exclude size exceedes specified limit.)

.cyloadermeta
 *(.cyloadermeta)

.cyloadablemeta
 *(.cyloadablemeta)

.cyconfigecc    0x80000000     0x10a0
 *(.cyconfigecc)
 .cyconfigecc   0x80000000     0x10a0 .\CortexM3\ARM_GCC_541\Debug\cymetadata.o
                0x80000000                cy_meta_configecc

.cycustnvl      0x90000000        0x4
 *(.cycustnvl)
 .cycustnvl     0x90000000        0x4 .\CortexM3\ARM_GCC_541\Debug\cymetadata.o
                0x90000000                cy_meta_custnvl

.cywolatch      0x90100000        0x4
 *(.cywolatch)
 .cywolatch     0x90100000        0x4 .\CortexM3\ARM_GCC_541\Debug\cymetadata.o
                0x90100000                cy_meta_wonvl

.cyeeprom       0x90200000        0x0
 *(.cyeeprom)
                0x00000001                ASSERT ((. <= ((0x90200000 + ee_offset) + ee_size)), .cyeeprom data will not fit in EEPROM)

.cyflashprotect
                0x90400000      0x100
 *(.cyflashprotect)
 .cyflashprotect
                0x90400000      0x100 .\CortexM3\ARM_GCC_541\Debug\cymetadata.o
                0x90400000                cy_meta_flashprotect

.cymeta         0x90500000        0xc
 *(.cymeta)
 .cymeta        0x90500000        0xc .\CortexM3\ARM_GCC_541\Debug\cymetadata.o
                0x90500000                cy_metadata

.rel.dyn        0x00005448        0x0 load address 0x9050000c
 .rel.iplt      0x00005448        0x0 c:/program files (x86)/cypress/psoc creator/4.3/psoc creator/import/gnu/arm/5.4.1/bin/../lib/gcc/arm-none-eabi/5.4.1/armv7-m/crtbegin.o

.stab
 *(.stab)

.stabstr
 *(.stabstr)

.debug
 *(.debug)

.line
 *(.line)

.debug_srcinfo
 *(.debug_srcinfo)

.debug_sfnames
 *(.debug_sfnames)

.debug_aranges  0x00000000     0x1100
 *(.debug_aranges)
 .debug_aranges
                0x00000000       0x30 .\CortexM3\ARM_GCC_541\Debug\main.o
 .debug_aranges
                0x00000030       0x38 .\CortexM3\ARM_GCC_541\Debug\aux_functions.o
 .debug_aranges
                0x00000068       0x30 .\CortexM3\ARM_GCC_541\Debug\controle_cinematico.o
 .debug_aranges
                0x00000098       0x28 .\CortexM3\ARM_GCC_541\Debug\isr.o
 .debug_aranges
                0x000000c0       0x30 .\CortexM3\ARM_GCC_541\Debug\motor.o
 .debug_aranges
                0x000000f0       0x28 .\CortexM3\ARM_GCC_541\Debug\fis.o
 .debug_aranges
                0x00000118       0x30 .\CortexM3\ARM_GCC_541\Debug\fuzzy_set.o
 .debug_aranges
                0x00000148       0x28 .\CortexM3\ARM_GCC_541\Debug\linguistic_variable.o
 .debug_aranges
                0x00000170       0x48 .\CortexM3\ARM_GCC_541\Debug\membership_functions.o
 .debug_aranges
                0x000001b8       0x58 .\CortexM3\ARM_GCC_541\Debug\cyfitter_cfg.o
 .debug_aranges
                0x00000210       0x18 .\CortexM3\ARM_GCC_541\Debug\cymetadata.o
 .debug_aranges
                0x00000228       0x48 .\CortexM3\ARM_GCC_541\Debug\Cm3Start.o
 .debug_aranges
                0x00000270       0x98 .\CortexM3\ARM_GCC_541\Debug\teste_controlador.a(BlocoPWM2.o)
 .debug_aranges
                0x00000308       0x60 .\CortexM3\ARM_GCC_541\Debug\teste_controlador.a(QuadDec2.o)
 .debug_aranges
                0x00000368       0x20 .\CortexM3\ARM_GCC_541\Debug\teste_controlador.a(QuadDec2_INT.o)
 .debug_aranges
                0x00000388       0xf0 .\CortexM3\ARM_GCC_541\Debug\teste_controlador.a(UART.o)
 .debug_aranges
                0x00000478       0x38 .\CortexM3\ARM_GCC_541\Debug\teste_controlador.a(dir2.o)
 .debug_aranges
                0x000004b0       0x98 .\CortexM3\ARM_GCC_541\Debug\teste_controlador.a(BlocoPWM1.o)
 .debug_aranges
                0x00000548       0x60 .\CortexM3\ARM_GCC_541\Debug\teste_controlador.a(QuadDec1.o)
 .debug_aranges
                0x000005a8       0x20 .\CortexM3\ARM_GCC_541\Debug\teste_controlador.a(QuadDec1_INT.o)
 .debug_aranges
                0x000005c8       0x38 .\CortexM3\ARM_GCC_541\Debug\teste_controlador.a(dir1.o)
 .debug_aranges
                0x00000600       0x98 .\CortexM3\ARM_GCC_541\Debug\teste_controlador.a(BlocoPWM3.o)
 .debug_aranges
                0x00000698       0x60 .\CortexM3\ARM_GCC_541\Debug\teste_controlador.a(QuadDec3.o)
 .debug_aranges
                0x000006f8       0x20 .\CortexM3\ARM_GCC_541\Debug\teste_controlador.a(QuadDec3_INT.o)
 .debug_aranges
                0x00000718       0x38 .\CortexM3\ARM_GCC_541\Debug\teste_controlador.a(dir3.o)
 .debug_aranges
                0x00000750       0x90 .\CortexM3\ARM_GCC_541\Debug\teste_controlador.a(TimerMotores.o)
 .debug_aranges
                0x000007e0       0x90 .\CortexM3\ARM_GCC_541\Debug\teste_controlador.a(TimerCinematico.o)
 .debug_aranges
                0x00000870       0x80 .\CortexM3\ARM_GCC_541\Debug\teste_controlador.a(isr_timer_cinematico.o)
 .debug_aranges
                0x000008f0       0x98 .\CortexM3\ARM_GCC_541\Debug\teste_controlador.a(QuadDec2_Cnt16.o)
 .debug_aranges
                0x00000988       0x70 .\CortexM3\ARM_GCC_541\Debug\teste_controlador.a(UART_IntClock.o)
 .debug_aranges
                0x000009f8       0x98 .\CortexM3\ARM_GCC_541\Debug\teste_controlador.a(QuadDec1_Cnt16.o)
 .debug_aranges
                0x00000a90       0x98 .\CortexM3\ARM_GCC_541\Debug\teste_controlador.a(QuadDec3_Cnt16.o)
 .debug_aranges
                0x00000b28      0x2a0 .\CortexM3\ARM_GCC_541\Debug\teste_controlador.a(CyLib.o)
 .debug_aranges
                0x00000dc8       0x98 .\CortexM3\ARM_GCC_541\Debug\teste_controlador.a(cyPm.o)
 .debug_aranges
                0x00000e60       0xc8 .\CortexM3\ARM_GCC_541\Debug\teste_controlador.a(CAN.o)
 .debug_aranges
                0x00000f28       0x30 .\CortexM3\ARM_GCC_541\Debug\teste_controlador.a(CAN_INT.o)
 .debug_aranges
                0x00000f58       0x48 .\CortexM3\ARM_GCC_541\Debug\teste_controlador.a(CAN_TX_RX_func.o)
 .debug_aranges
                0x00000fa0       0x20 .\CortexM3\ARM_GCC_541\Debug\teste_controlador.a(CyBootAsmGnu.o)
 .debug_aranges
                0x00000fc0       0x38 .\CortexM3\ARM_GCC_541\Debug\teste_controlador.a(led.o)
 .debug_aranges
                0x00000ff8       0x88 .\CortexM3\ARM_GCC_541\Debug\teste_controlador.a(CyFlash.o)
 .debug_aranges
                0x00001080       0x80 .\CortexM3\ARM_GCC_541\Debug\teste_controlador.a(CySpc.o)

.debug_pubnames
 *(.debug_pubnames)

.debug_info     0x00000000     0xb00a
 *(.debug_info .gnu.linkonce.wi.*)
 .debug_info    0x00000000      0x94e .\CortexM3\ARM_GCC_541\Debug\main.o
 .debug_info    0x0000094e      0x288 .\CortexM3\ARM_GCC_541\Debug\aux_functions.o
 .debug_info    0x00000bd6      0x74d .\CortexM3\ARM_GCC_541\Debug\controle_cinematico.o
 .debug_info    0x00001323      0x37f .\CortexM3\ARM_GCC_541\Debug\isr.o
 .debug_info    0x000016a2      0xfad .\CortexM3\ARM_GCC_541\Debug\motor.o
 .debug_info    0x0000264f      0x5cf .\CortexM3\ARM_GCC_541\Debug\fis.o
 .debug_info    0x00002c1e      0x293 .\CortexM3\ARM_GCC_541\Debug\fuzzy_set.o
 .debug_info    0x00002eb1      0x276 .\CortexM3\ARM_GCC_541\Debug\linguistic_variable.o
 .debug_info    0x00003127      0x3db .\CortexM3\ARM_GCC_541\Debug\membership_functions.o
 .debug_info    0x00003502      0x628 .\CortexM3\ARM_GCC_541\Debug\cyfitter_cfg.o
 .debug_info    0x00003b2a      0x139 .\CortexM3\ARM_GCC_541\Debug\cymetadata.o
 .debug_info    0x00003c63      0x3bb .\CortexM3\ARM_GCC_541\Debug\Cm3Start.o
 .debug_info    0x0000401e      0x354 .\CortexM3\ARM_GCC_541\Debug\teste_controlador.a(BlocoPWM2.o)
 .debug_info    0x00004372      0x357 .\CortexM3\ARM_GCC_541\Debug\teste_controlador.a(QuadDec2.o)
 .debug_info    0x000046c9       0xf3 .\CortexM3\ARM_GCC_541\Debug\teste_controlador.a(QuadDec2_INT.o)
 .debug_info    0x000047bc      0x60c .\CortexM3\ARM_GCC_541\Debug\teste_controlador.a(UART.o)
 .debug_info    0x00004dc8      0x11f .\CortexM3\ARM_GCC_541\Debug\teste_controlador.a(dir2.o)
 .debug_info    0x00004ee7      0x354 .\CortexM3\ARM_GCC_541\Debug\teste_controlador.a(BlocoPWM1.o)
 .debug_info    0x0000523b      0x357 .\CortexM3\ARM_GCC_541\Debug\teste_controlador.a(QuadDec1.o)
 .debug_info    0x00005592       0xf3 .\CortexM3\ARM_GCC_541\Debug\teste_controlador.a(QuadDec1_INT.o)
 .debug_info    0x00005685      0x11f .\CortexM3\ARM_GCC_541\Debug\teste_controlador.a(dir1.o)
 .debug_info    0x000057a4      0x354 .\CortexM3\ARM_GCC_541\Debug\teste_controlador.a(BlocoPWM3.o)
 .debug_info    0x00005af8      0x357 .\CortexM3\ARM_GCC_541\Debug\teste_controlador.a(QuadDec3.o)
 .debug_info    0x00005e4f       0xf3 .\CortexM3\ARM_GCC_541\Debug\teste_controlador.a(QuadDec3_INT.o)
 .debug_info    0x00005f42      0x11f .\CortexM3\ARM_GCC_541\Debug\teste_controlador.a(dir3.o)
 .debug_info    0x00006061      0x2cf .\CortexM3\ARM_GCC_541\Debug\teste_controlador.a(TimerMotores.o)
 .debug_info    0x00006330      0x2d1 .\CortexM3\ARM_GCC_541\Debug\teste_controlador.a(TimerCinematico.o)
 .debug_info    0x00006601      0x2d2 .\CortexM3\ARM_GCC_541\Debug\teste_controlador.a(isr_timer_cinematico.o)
 .debug_info    0x000068d3      0x348 .\CortexM3\ARM_GCC_541\Debug\teste_controlador.a(QuadDec2_Cnt16.o)
 .debug_info    0x00006c1b      0x283 .\CortexM3\ARM_GCC_541\Debug\teste_controlador.a(UART_IntClock.o)
 .debug_info    0x00006e9e      0x348 .\CortexM3\ARM_GCC_541\Debug\teste_controlador.a(QuadDec1_Cnt16.o)
 .debug_info    0x000071e6      0x348 .\CortexM3\ARM_GCC_541\Debug\teste_controlador.a(QuadDec3_Cnt16.o)
 .debug_info    0x0000752e     0x1374 .\CortexM3\ARM_GCC_541\Debug\teste_controlador.a(CyLib.o)
 .debug_info    0x000088a2      0xa2a .\CortexM3\ARM_GCC_541\Debug\teste_controlador.a(cyPm.o)
 .debug_info    0x000092cc      0x8fb .\CortexM3\ARM_GCC_541\Debug\teste_controlador.a(CAN.o)
 .debug_info    0x00009bc7      0x26b .\CortexM3\ARM_GCC_541\Debug\teste_controlador.a(CAN_INT.o)
 .debug_info    0x00009e32      0x49a .\CortexM3\ARM_GCC_541\Debug\teste_controlador.a(CAN_TX_RX_func.o)
 .debug_info    0x0000a2cc       0x82 .\CortexM3\ARM_GCC_541\Debug\teste_controlador.a(CyBootAsmGnu.o)
 .debug_info    0x0000a34e      0x11f .\CortexM3\ARM_GCC_541\Debug\teste_controlador.a(led.o)
 .debug_info    0x0000a46d      0x64d .\CortexM3\ARM_GCC_541\Debug\teste_controlador.a(CyFlash.o)
 .debug_info    0x0000aaba      0x550 .\CortexM3\ARM_GCC_541\Debug\teste_controlador.a(CySpc.o)

.debug_abbrev   0x00000000     0x31d9
 *(.debug_abbrev)
 .debug_abbrev  0x00000000      0x1d8 .\CortexM3\ARM_GCC_541\Debug\main.o
 .debug_abbrev  0x000001d8      0x16b .\CortexM3\ARM_GCC_541\Debug\aux_functions.o
 .debug_abbrev  0x00000343      0x19b .\CortexM3\ARM_GCC_541\Debug\controle_cinematico.o
 .debug_abbrev  0x000004de      0x112 .\CortexM3\ARM_GCC_541\Debug\isr.o
 .debug_abbrev  0x000005f0      0x1a7 .\CortexM3\ARM_GCC_541\Debug\motor.o
 .debug_abbrev  0x00000797      0x1d6 .\CortexM3\ARM_GCC_541\Debug\fis.o
 .debug_abbrev  0x0000096d      0x18c .\CortexM3\ARM_GCC_541\Debug\fuzzy_set.o
 .debug_abbrev  0x00000af9      0x15c .\CortexM3\ARM_GCC_541\Debug\linguistic_variable.o
 .debug_abbrev  0x00000c55       0xfd .\CortexM3\ARM_GCC_541\Debug\membership_functions.o
 .debug_abbrev  0x00000d52      0x20d .\CortexM3\ARM_GCC_541\Debug\cyfitter_cfg.o
 .debug_abbrev  0x00000f5f       0x77 .\CortexM3\ARM_GCC_541\Debug\cymetadata.o
 .debug_abbrev  0x00000fd6      0x1e8 .\CortexM3\ARM_GCC_541\Debug\Cm3Start.o
 .debug_abbrev  0x000011be      0x133 .\CortexM3\ARM_GCC_541\Debug\teste_controlador.a(BlocoPWM2.o)
 .debug_abbrev  0x000012f1      0x128 .\CortexM3\ARM_GCC_541\Debug\teste_controlador.a(QuadDec2.o)
 .debug_abbrev  0x00001419       0x78 .\CortexM3\ARM_GCC_541\Debug\teste_controlador.a(QuadDec2_INT.o)
 .debug_abbrev  0x00001491      0x175 .\CortexM3\ARM_GCC_541\Debug\teste_controlador.a(UART.o)
 .debug_abbrev  0x00001606       0x90 .\CortexM3\ARM_GCC_541\Debug\teste_controlador.a(dir2.o)
 .debug_abbrev  0x00001696      0x133 .\CortexM3\ARM_GCC_541\Debug\teste_controlador.a(BlocoPWM1.o)
 .debug_abbrev  0x000017c9      0x128 .\CortexM3\ARM_GCC_541\Debug\teste_controlador.a(QuadDec1.o)
 .debug_abbrev  0x000018f1       0x78 .\CortexM3\ARM_GCC_541\Debug\teste_controlador.a(QuadDec1_INT.o)
 .debug_abbrev  0x00001969       0x90 .\CortexM3\ARM_GCC_541\Debug\teste_controlador.a(dir1.o)
 .debug_abbrev  0x000019f9      0x133 .\CortexM3\ARM_GCC_541\Debug\teste_controlador.a(BlocoPWM3.o)
 .debug_abbrev  0x00001b2c      0x128 .\CortexM3\ARM_GCC_541\Debug\teste_controlador.a(QuadDec3.o)
 .debug_abbrev  0x00001c54       0x78 .\CortexM3\ARM_GCC_541\Debug\teste_controlador.a(QuadDec3_INT.o)
 .debug_abbrev  0x00001ccc       0x90 .\CortexM3\ARM_GCC_541\Debug\teste_controlador.a(dir3.o)
 .debug_abbrev  0x00001d5c      0x12b .\CortexM3\ARM_GCC_541\Debug\teste_controlador.a(TimerMotores.o)
 .debug_abbrev  0x00001e87      0x12b .\CortexM3\ARM_GCC_541\Debug\teste_controlador.a(TimerCinematico.o)
 .debug_abbrev  0x00001fb2      0x173 .\CortexM3\ARM_GCC_541\Debug\teste_controlador.a(isr_timer_cinematico.o)
 .debug_abbrev  0x00002125      0x117 .\CortexM3\ARM_GCC_541\Debug\teste_controlador.a(QuadDec2_Cnt16.o)
 .debug_abbrev  0x0000223c      0x139 .\CortexM3\ARM_GCC_541\Debug\teste_controlador.a(UART_IntClock.o)
 .debug_abbrev  0x00002375      0x117 .\CortexM3\ARM_GCC_541\Debug\teste_controlador.a(QuadDec1_Cnt16.o)
 .debug_abbrev  0x0000248c      0x117 .\CortexM3\ARM_GCC_541\Debug\teste_controlador.a(QuadDec3_Cnt16.o)
 .debug_abbrev  0x000025a3      0x254 .\CortexM3\ARM_GCC_541\Debug\teste_controlador.a(CyLib.o)
 .debug_abbrev  0x000027f7      0x1ab .\CortexM3\ARM_GCC_541\Debug\teste_controlador.a(cyPm.o)
 .debug_abbrev  0x000029a2      0x195 .\CortexM3\ARM_GCC_541\Debug\teste_controlador.a(CAN.o)
 .debug_abbrev  0x00002b37       0xe6 .\CortexM3\ARM_GCC_541\Debug\teste_controlador.a(CAN_INT.o)
 .debug_abbrev  0x00002c1d      0x1dd .\CortexM3\ARM_GCC_541\Debug\teste_controlador.a(CAN_TX_RX_func.o)
 .debug_abbrev  0x00002dfa       0x14 .\CortexM3\ARM_GCC_541\Debug\teste_controlador.a(CyBootAsmGnu.o)
 .debug_abbrev  0x00002e0e       0x90 .\CortexM3\ARM_GCC_541\Debug\teste_controlador.a(led.o)
 .debug_abbrev  0x00002e9e      0x1a7 .\CortexM3\ARM_GCC_541\Debug\teste_controlador.a(CyFlash.o)
 .debug_abbrev  0x00003045      0x194 .\CortexM3\ARM_GCC_541\Debug\teste_controlador.a(CySpc.o)

.debug_line     0x00000000     0x48cf
 *(.debug_line)
 .debug_line    0x00000000      0x2fb .\CortexM3\ARM_GCC_541\Debug\main.o
 .debug_line    0x000002fb      0x1e8 .\CortexM3\ARM_GCC_541\Debug\aux_functions.o
 .debug_line    0x000004e3      0x28b .\CortexM3\ARM_GCC_541\Debug\controle_cinematico.o
 .debug_line    0x0000076e      0x1c5 .\CortexM3\ARM_GCC_541\Debug\isr.o
 .debug_line    0x00000933      0x34c .\CortexM3\ARM_GCC_541\Debug\motor.o
 .debug_line    0x00000c7f      0x276 .\CortexM3\ARM_GCC_541\Debug\fis.o
 .debug_line    0x00000ef5      0x192 .\CortexM3\ARM_GCC_541\Debug\fuzzy_set.o
 .debug_line    0x00001087      0x198 .\CortexM3\ARM_GCC_541\Debug\linguistic_variable.o
 .debug_line    0x0000121f      0x115 .\CortexM3\ARM_GCC_541\Debug\membership_functions.o
 .debug_line    0x00001334      0x1fc .\CortexM3\ARM_GCC_541\Debug\cyfitter_cfg.o
 .debug_line    0x00001530      0x141 .\CortexM3\ARM_GCC_541\Debug\cymetadata.o
 .debug_line    0x00001671      0x234 .\CortexM3\ARM_GCC_541\Debug\Cm3Start.o
 .debug_line    0x000018a5      0x18c .\CortexM3\ARM_GCC_541\Debug\teste_controlador.a(BlocoPWM2.o)
 .debug_line    0x00001a31      0x13a .\CortexM3\ARM_GCC_541\Debug\teste_controlador.a(QuadDec2.o)
 .debug_line    0x00001b6b       0x6b .\CortexM3\ARM_GCC_541\Debug\teste_controlador.a(QuadDec2_INT.o)
 .debug_line    0x00001bd6      0x2bc .\CortexM3\ARM_GCC_541\Debug\teste_controlador.a(UART.o)
 .debug_line    0x00001e92       0x91 .\CortexM3\ARM_GCC_541\Debug\teste_controlador.a(dir2.o)
 .debug_line    0x00001f23      0x18c .\CortexM3\ARM_GCC_541\Debug\teste_controlador.a(BlocoPWM1.o)
 .debug_line    0x000020af      0x13a .\CortexM3\ARM_GCC_541\Debug\teste_controlador.a(QuadDec1.o)
 .debug_line    0x000021e9       0x6b .\CortexM3\ARM_GCC_541\Debug\teste_controlador.a(QuadDec1_INT.o)
 .debug_line    0x00002254       0x91 .\CortexM3\ARM_GCC_541\Debug\teste_controlador.a(dir1.o)
 .debug_line    0x000022e5      0x18c .\CortexM3\ARM_GCC_541\Debug\teste_controlador.a(BlocoPWM3.o)
 .debug_line    0x00002471      0x13a .\CortexM3\ARM_GCC_541\Debug\teste_controlador.a(QuadDec3.o)
 .debug_line    0x000025ab       0x6b .\CortexM3\ARM_GCC_541\Debug\teste_controlador.a(QuadDec3_INT.o)
 .debug_line    0x00002616       0x91 .\CortexM3\ARM_GCC_541\Debug\teste_controlador.a(dir3.o)
 .debug_line    0x000026a7      0x177 .\CortexM3\ARM_GCC_541\Debug\teste_controlador.a(TimerMotores.o)
 .debug_line    0x0000281e      0x17a .\CortexM3\ARM_GCC_541\Debug\teste_controlador.a(TimerCinematico.o)
 .debug_line    0x00002998      0x141 .\CortexM3\ARM_GCC_541\Debug\teste_controlador.a(isr_timer_cinematico.o)
 .debug_line    0x00002ad9      0x18e .\CortexM3\ARM_GCC_541\Debug\teste_controlador.a(QuadDec2_Cnt16.o)
 .debug_line    0x00002c67      0x17c .\CortexM3\ARM_GCC_541\Debug\teste_controlador.a(UART_IntClock.o)
 .debug_line    0x00002de3      0x18e .\CortexM3\ARM_GCC_541\Debug\teste_controlador.a(QuadDec1_Cnt16.o)
 .debug_line    0x00002f71      0x18e .\CortexM3\ARM_GCC_541\Debug\teste_controlador.a(QuadDec3_Cnt16.o)
 .debug_line    0x000030ff      0x816 .\CortexM3\ARM_GCC_541\Debug\teste_controlador.a(CyLib.o)
 .debug_line    0x00003915      0x367 .\CortexM3\ARM_GCC_541\Debug\teste_controlador.a(cyPm.o)
 .debug_line    0x00003c7c      0x37e .\CortexM3\ARM_GCC_541\Debug\teste_controlador.a(CAN.o)
 .debug_line    0x00003ffa       0xb7 .\CortexM3\ARM_GCC_541\Debug\teste_controlador.a(CAN_INT.o)
 .debug_line    0x000040b1      0x2ae .\CortexM3\ARM_GCC_541\Debug\teste_controlador.a(CAN_TX_RX_func.o)
 .debug_line    0x0000435f       0x66 .\CortexM3\ARM_GCC_541\Debug\teste_controlador.a(CyBootAsmGnu.o)
 .debug_line    0x000043c5       0x90 .\CortexM3\ARM_GCC_541\Debug\teste_controlador.a(led.o)
 .debug_line    0x00004455      0x21a .\CortexM3\ARM_GCC_541\Debug\teste_controlador.a(CyFlash.o)
 .debug_line    0x0000466f      0x260 .\CortexM3\ARM_GCC_541\Debug\teste_controlador.a(CySpc.o)

.debug_frame    0x00000000     0x2ee0
 *(.debug_frame)
 .debug_frame   0x00000000       0x94 .\CortexM3\ARM_GCC_541\Debug\main.o
 .debug_frame   0x00000094       0x9c .\CortexM3\ARM_GCC_541\Debug\aux_functions.o
 .debug_frame   0x00000130       0xb4 .\CortexM3\ARM_GCC_541\Debug\controle_cinematico.o
 .debug_frame   0x000001e4       0x4c .\CortexM3\ARM_GCC_541\Debug\isr.o
 .debug_frame   0x00000230       0x88 .\CortexM3\ARM_GCC_541\Debug\motor.o
 .debug_frame   0x000002b8       0x9c .\CortexM3\ARM_GCC_541\Debug\fis.o
 .debug_frame   0x00000354       0x78 .\CortexM3\ARM_GCC_541\Debug\fuzzy_set.o
 .debug_frame   0x000003cc       0x5c .\CortexM3\ARM_GCC_541\Debug\linguistic_variable.o
 .debug_frame   0x00000428      0x110 .\CortexM3\ARM_GCC_541\Debug\membership_functions.o
 .debug_frame   0x00000538       0xe4 .\CortexM3\ARM_GCC_541\Debug\cyfitter_cfg.o
 .debug_frame   0x0000061c       0xb8 .\CortexM3\ARM_GCC_541\Debug\Cm3Start.o
 .debug_frame   0x000006d4      0x134 .\CortexM3\ARM_GCC_541\Debug\teste_controlador.a(BlocoPWM2.o)
 .debug_frame   0x00000808       0xec .\CortexM3\ARM_GCC_541\Debug\teste_controlador.a(QuadDec2.o)
 .debug_frame   0x000008f4       0x20 .\CortexM3\ARM_GCC_541\Debug\teste_controlador.a(QuadDec2_INT.o)
 .debug_frame   0x00000914      0x250 .\CortexM3\ARM_GCC_541\Debug\teste_controlador.a(UART.o)
 .debug_frame   0x00000b64       0x50 .\CortexM3\ARM_GCC_541\Debug\teste_controlador.a(dir2.o)
 .debug_frame   0x00000bb4      0x134 .\CortexM3\ARM_GCC_541\Debug\teste_controlador.a(BlocoPWM1.o)
 .debug_frame   0x00000ce8       0xec .\CortexM3\ARM_GCC_541\Debug\teste_controlador.a(QuadDec1.o)
 .debug_frame   0x00000dd4       0x20 .\CortexM3\ARM_GCC_541\Debug\teste_controlador.a(QuadDec1_INT.o)
 .debug_frame   0x00000df4       0x50 .\CortexM3\ARM_GCC_541\Debug\teste_controlador.a(dir1.o)
 .debug_frame   0x00000e44      0x134 .\CortexM3\ARM_GCC_541\Debug\teste_controlador.a(BlocoPWM3.o)
 .debug_frame   0x00000f78       0xec .\CortexM3\ARM_GCC_541\Debug\teste_controlador.a(QuadDec3.o)
 .debug_frame   0x00001064       0x20 .\CortexM3\ARM_GCC_541\Debug\teste_controlador.a(QuadDec3_INT.o)
 .debug_frame   0x00001084       0x50 .\CortexM3\ARM_GCC_541\Debug\teste_controlador.a(dir3.o)
 .debug_frame   0x000010d4      0x124 .\CortexM3\ARM_GCC_541\Debug\teste_controlador.a(TimerMotores.o)
 .debug_frame   0x000011f8      0x124 .\CortexM3\ARM_GCC_541\Debug\teste_controlador.a(TimerCinematico.o)
 .debug_frame   0x0000131c      0x104 .\CortexM3\ARM_GCC_541\Debug\teste_controlador.a(isr_timer_cinematico.o)
 .debug_frame   0x00001420      0x134 .\CortexM3\ARM_GCC_541\Debug\teste_controlador.a(QuadDec2_Cnt16.o)
 .debug_frame   0x00001554       0xe0 .\CortexM3\ARM_GCC_541\Debug\teste_controlador.a(UART_IntClock.o)
 .debug_frame   0x00001634      0x134 .\CortexM3\ARM_GCC_541\Debug\teste_controlador.a(QuadDec1_Cnt16.o)
 .debug_frame   0x00001768      0x134 .\CortexM3\ARM_GCC_541\Debug\teste_controlador.a(QuadDec3_Cnt16.o)
 .debug_frame   0x0000189c      0x738 .\CortexM3\ARM_GCC_541\Debug\teste_controlador.a(CyLib.o)
 .debug_frame   0x00001fd4      0x1f8 .\CortexM3\ARM_GCC_541\Debug\teste_controlador.a(cyPm.o)
 .debug_frame   0x000021cc      0x1cc .\CortexM3\ARM_GCC_541\Debug\teste_controlador.a(CAN.o)
 .debug_frame   0x00002398       0x68 .\CortexM3\ARM_GCC_541\Debug\teste_controlador.a(CAN_INT.o)
 .debug_frame   0x00002400       0x90 .\CortexM3\ARM_GCC_541\Debug\teste_controlador.a(CAN_TX_RX_func.o)
 .debug_frame   0x00002490       0x50 .\CortexM3\ARM_GCC_541\Debug\teste_controlador.a(led.o)
 .debug_frame   0x000024e0      0x194 .\CortexM3\ARM_GCC_541\Debug\teste_controlador.a(CyFlash.o)
 .debug_frame   0x00002674      0x180 .\CortexM3\ARM_GCC_541\Debug\teste_controlador.a(CySpc.o)
 .debug_frame   0x000027f4       0x38 c:/program files (x86)/cypress/psoc creator/4.3/psoc creator/import/gnu/arm/5.4.1/bin/../lib/gcc/arm-none-eabi/5.4.1/../../../../arm-none-eabi/lib/armv7-m\libm.a(lib_a-s_cos.o)
 .debug_frame   0x0000282c       0x34 c:/program files (x86)/cypress/psoc creator/4.3/psoc creator/import/gnu/arm/5.4.1/bin/../lib/gcc/arm-none-eabi/5.4.1/../../../../arm-none-eabi/lib/armv7-m\libm.a(lib_a-s_floor.o)
 .debug_frame   0x00002860       0x38 c:/program files (x86)/cypress/psoc creator/4.3/psoc creator/import/gnu/arm/5.4.1/bin/../lib/gcc/arm-none-eabi/5.4.1/../../../../arm-none-eabi/lib/armv7-m\libm.a(lib_a-s_sin.o)
 .debug_frame   0x00002898       0x3c c:/program files (x86)/cypress/psoc creator/4.3/psoc creator/import/gnu/arm/5.4.1/bin/../lib/gcc/arm-none-eabi/5.4.1/../../../../arm-none-eabi/lib/armv7-m\libm.a(lib_a-wf_sqrt.o)
 .debug_frame   0x000028d4       0x48 c:/program files (x86)/cypress/psoc creator/4.3/psoc creator/import/gnu/arm/5.4.1/bin/../lib/gcc/arm-none-eabi/5.4.1/../../../../arm-none-eabi/lib/armv7-m\libm.a(lib_a-e_rem_pio2.o)
 .debug_frame   0x0000291c       0x2c c:/program files (x86)/cypress/psoc creator/4.3/psoc creator/import/gnu/arm/5.4.1/bin/../lib/gcc/arm-none-eabi/5.4.1/../../../../arm-none-eabi/lib/armv7-m\libm.a(lib_a-ef_sqrt.o)
 .debug_frame   0x00002948       0x4c c:/program files (x86)/cypress/psoc creator/4.3/psoc creator/import/gnu/arm/5.4.1/bin/../lib/gcc/arm-none-eabi/5.4.1/../../../../arm-none-eabi/lib/armv7-m\libm.a(lib_a-k_cos.o)
 .debug_frame   0x00002994       0x50 c:/program files (x86)/cypress/psoc creator/4.3/psoc creator/import/gnu/arm/5.4.1/bin/../lib/gcc/arm-none-eabi/5.4.1/../../../../arm-none-eabi/lib/armv7-m\libm.a(lib_a-k_rem_pio2.o)
 .debug_frame   0x000029e4       0x48 c:/program files (x86)/cypress/psoc creator/4.3/psoc creator/import/gnu/arm/5.4.1/bin/../lib/gcc/arm-none-eabi/5.4.1/../../../../arm-none-eabi/lib/armv7-m\libm.a(lib_a-k_sin.o)
 .debug_frame   0x00002a2c       0x20 c:/program files (x86)/cypress/psoc creator/4.3/psoc creator/import/gnu/arm/5.4.1/bin/../lib/gcc/arm-none-eabi/5.4.1/../../../../arm-none-eabi/lib/armv7-m\libm.a(lib_a-s_fabs.o)
 .debug_frame   0x00002a4c       0x20 c:/program files (x86)/cypress/psoc creator/4.3/psoc creator/import/gnu/arm/5.4.1/bin/../lib/gcc/arm-none-eabi/5.4.1/../../../../arm-none-eabi/lib/armv7-m\libm.a(lib_a-s_matherr.o)
 .debug_frame   0x00002a6c       0x30 c:/program files (x86)/cypress/psoc creator/4.3/psoc creator/import/gnu/arm/5.4.1/bin/../lib/gcc/arm-none-eabi/5.4.1/../../../../arm-none-eabi/lib/armv7-m\libm.a(lib_a-s_scalbn.o)
 .debug_frame   0x00002a9c       0x20 c:/program files (x86)/cypress/psoc creator/4.3/psoc creator/import/gnu/arm/5.4.1/bin/../lib/gcc/arm-none-eabi/5.4.1/../../../../arm-none-eabi/lib/armv7-m\libm.a(lib_a-s_copysign.o)
 .debug_frame   0x00002abc       0x20 c:/program files (x86)/cypress/psoc creator/4.3/psoc creator/import/gnu/arm/5.4.1/bin/../lib/gcc/arm-none-eabi/5.4.1/../../../../arm-none-eabi/lib/armv7-m\libg_nano.a(lib_a-errno.o)
 .debug_frame   0x00002adc       0x28 c:/program files (x86)/cypress/psoc creator/4.3/psoc creator/import/gnu/arm/5.4.1/bin/../lib/gcc/arm-none-eabi/5.4.1/../../../../arm-none-eabi/lib/armv7-m\libg_nano.a(lib_a-exit.o)
 .debug_frame   0x00002b04       0x2c c:/program files (x86)/cypress/psoc creator/4.3/psoc creator/import/gnu/arm/5.4.1/bin/../lib/gcc/arm-none-eabi/5.4.1/../../../../arm-none-eabi/lib/armv7-m\libg_nano.a(lib_a-init.o)
 .debug_frame   0x00002b30       0x28 c:/program files (x86)/cypress/psoc creator/4.3/psoc creator/import/gnu/arm/5.4.1/bin/../lib/gcc/arm-none-eabi/5.4.1/../../../../arm-none-eabi/lib/armv7-m\libg_nano.a(lib_a-memcpy-stub.o)
 .debug_frame   0x00002b58       0x20 c:/program files (x86)/cypress/psoc creator/4.3/psoc creator/import/gnu/arm/5.4.1/bin/../lib/gcc/arm-none-eabi/5.4.1/../../../../arm-none-eabi/lib/armv7-m\libg_nano.a(lib_a-memset.o)
 .debug_frame   0x00002b78       0x70 c:/program files (x86)/cypress/psoc creator/4.3/psoc creator/import/gnu/arm/5.4.1/bin/../lib/gcc/arm-none-eabi/5.4.1/../../../../arm-none-eabi/lib/armv7-m\libg_nano.a(lib_a-sprintf.o)
 .debug_frame   0x00002be8       0x20 c:/program files (x86)/cypress/psoc creator/4.3/psoc creator/import/gnu/arm/5.4.1/bin/../lib/gcc/arm-none-eabi/5.4.1/../../../../arm-none-eabi/lib/armv7-m\libg_nano.a(lib_a-strcmp.o)
 .debug_frame   0x00002c08       0x20 c:/program files (x86)/cypress/psoc creator/4.3/psoc creator/import/gnu/arm/5.4.1/bin/../lib/gcc/arm-none-eabi/5.4.1/../../../../arm-none-eabi/lib/armv7-m\libg_nano.a(lib_a-strcpy.o)
 .debug_frame   0x00002c28       0x90 c:/program files (x86)/cypress/psoc creator/4.3/psoc creator/import/gnu/arm/5.4.1/bin/../lib/gcc/arm-none-eabi/5.4.1/../../../../arm-none-eabi/lib/armv7-m\libg_nano.a(lib_a-nano-svfprintf.o)
 .debug_frame   0x00002cb8       0x60 c:/program files (x86)/cypress/psoc creator/4.3/psoc creator/import/gnu/arm/5.4.1/bin/../lib/gcc/arm-none-eabi/5.4.1/../../../../arm-none-eabi/lib/armv7-m\libg_nano.a(lib_a-nano-vfprintf_i.o)
 .debug_frame   0x00002d18       0x28 c:/program files (x86)/cypress/psoc creator/4.3/psoc creator/import/gnu/arm/5.4.1/bin/../lib/gcc/arm-none-eabi/5.4.1/../../../../arm-none-eabi/lib/armv7-m\libg_nano.a(lib_a-memchr-stub.o)
 .debug_frame   0x00002d40       0x28 c:/program files (x86)/cypress/psoc creator/4.3/psoc creator/import/gnu/arm/5.4.1/bin/../lib/gcc/arm-none-eabi/5.4.1/../../../../arm-none-eabi/lib/armv7-m\libg_nano.a(lib_a-memmove.o)
 .debug_frame   0x00002d68       0x38 c:/program files (x86)/cypress/psoc creator/4.3/psoc creator/import/gnu/arm/5.4.1/bin/../lib/gcc/arm-none-eabi/5.4.1/../../../../arm-none-eabi/lib/armv7-m\libg_nano.a(lib_a-nano-freer.o)
 .debug_frame   0x00002da0       0x2c c:/program files (x86)/cypress/psoc creator/4.3/psoc creator/import/gnu/arm/5.4.1/bin/../lib/gcc/arm-none-eabi/5.4.1/../../../../arm-none-eabi/lib/armv7-m\libg_nano.a(lib_a-nano-mallocr.o)
 .debug_frame   0x00002dcc       0x3c c:/program files (x86)/cypress/psoc creator/4.3/psoc creator/import/gnu/arm/5.4.1/bin/../lib/gcc/arm-none-eabi/5.4.1/../../../../arm-none-eabi/lib/armv7-m\libg_nano.a(lib_a-nano-reallocr.o)
 .debug_frame   0x00002e08       0x2c c:/program files (x86)/cypress/psoc creator/4.3/psoc creator/import/gnu/arm/5.4.1/bin/../lib/gcc/arm-none-eabi/5.4.1/../../../../arm-none-eabi/lib/armv7-m\libg_nano.a(lib_a-sbrkr.o)
 .debug_frame   0x00002e34       0x30 c:/program files (x86)/cypress/psoc creator/4.3/psoc creator/import/gnu/arm/5.4.1/bin/../lib/gcc/arm-none-eabi/5.4.1/../../../../arm-none-eabi/lib/armv7-m\libg_nano.a(lib_a-mlock.o)
 .debug_frame   0x00002e64       0x20 c:/program files (x86)/cypress/psoc creator/4.3/psoc creator/import/gnu/arm/5.4.1/bin/../lib/gcc/arm-none-eabi/5.4.1/../../../../arm-none-eabi/lib/armv7-m\libg_nano.a(lib_a-nano-msizer.o)
 .debug_frame   0x00002e84       0x5c c:/program files (x86)/cypress/psoc creator/4.3/psoc creator/import/gnu/arm/5.4.1/bin/../lib/gcc/arm-none-eabi/5.4.1/../../../../arm-none-eabi/lib/armv7-m\libg_nano.a(lib_a-reent.o)

.debug_str      0x00000000     0x370c
 *(.debug_str)
 .debug_str     0x00000000      0x402 .\CortexM3\ARM_GCC_541\Debug\main.o
                                0x47c (size before relaxing)
 .debug_str     0x00000402       0x4e .\CortexM3\ARM_GCC_541\Debug\aux_functions.o
                                0x20a (size before relaxing)
 .debug_str     0x00000450       0xb3 .\CortexM3\ARM_GCC_541\Debug\controle_cinematico.o
                                0x372 (size before relaxing)
 .debug_str     0x00000503       0x95 .\CortexM3\ARM_GCC_541\Debug\isr.o
                                0x33a (size before relaxing)
 .debug_str     0x00000598      0x1b5 .\CortexM3\ARM_GCC_541\Debug\motor.o
                                0x48b (size before relaxing)
 .debug_str     0x0000074d       0xd4 .\CortexM3\ARM_GCC_541\Debug\fis.o
                                0x301 (size before relaxing)
 .debug_str     0x00000821       0x2d .\CortexM3\ARM_GCC_541\Debug\fuzzy_set.o
                                0x212 (size before relaxing)
 .debug_str     0x0000084e       0x4d .\CortexM3\ARM_GCC_541\Debug\linguistic_variable.o
                                0x25f (size before relaxing)
 .debug_str     0x0000089b       0x23 .\CortexM3\ARM_GCC_541\Debug\membership_functions.o
                                0x1dc (size before relaxing)
 .debug_str     0x000008be      0x1af .\CortexM3\ARM_GCC_541\Debug\cyfitter_cfg.o
                                0x33c (size before relaxing)
 .debug_str     0x00000a6d       0x7f .\CortexM3\ARM_GCC_541\Debug\cymetadata.o
                                0x1d6 (size before relaxing)
 .debug_str     0x00000aec      0x13e .\CortexM3\ARM_GCC_541\Debug\Cm3Start.o
                                0x2fc (size before relaxing)
 .debug_str     0x00000c2a      0x200 .\CortexM3\ARM_GCC_541\Debug\teste_controlador.a(BlocoPWM2.o)
                                0x39c (size before relaxing)
 .debug_str     0x00000e2a      0x187 .\CortexM3\ARM_GCC_541\Debug\teste_controlador.a(QuadDec2.o)
                                0x36c (size before relaxing)
 .debug_str     0x00000fb1       0x45 .\CortexM3\ARM_GCC_541\Debug\teste_controlador.a(QuadDec2_INT.o)
                                0x1dc (size before relaxing)
 .debug_str     0x00000ff6      0x26d .\CortexM3\ARM_GCC_541\Debug\teste_controlador.a(UART.o)
                                0x467 (size before relaxing)
 .debug_str     0x00001263       0x5b .\CortexM3\ARM_GCC_541\Debug\teste_controlador.a(dir2.o)
                                0x1cf (size before relaxing)
 .debug_str     0x000012be      0x19a .\CortexM3\ARM_GCC_541\Debug\teste_controlador.a(BlocoPWM1.o)
                                0x39c (size before relaxing)
 .debug_str     0x00001458      0x142 .\CortexM3\ARM_GCC_541\Debug\teste_controlador.a(QuadDec1.o)
                                0x36c (size before relaxing)
 .debug_str     0x0000159a       0x45 .\CortexM3\ARM_GCC_541\Debug\teste_controlador.a(QuadDec1_INT.o)
                                0x1dc (size before relaxing)
 .debug_str     0x000015df       0x4b .\CortexM3\ARM_GCC_541\Debug\teste_controlador.a(dir1.o)
                                0x1cf (size before relaxing)
 .debug_str     0x0000162a      0x19a .\CortexM3\ARM_GCC_541\Debug\teste_controlador.a(BlocoPWM3.o)
                                0x39c (size before relaxing)
 .debug_str     0x000017c4      0x142 .\CortexM3\ARM_GCC_541\Debug\teste_controlador.a(QuadDec3.o)
                                0x36c (size before relaxing)
 .debug_str     0x00001906       0x45 .\CortexM3\ARM_GCC_541\Debug\teste_controlador.a(QuadDec3_INT.o)
                                0x1dc (size before relaxing)
 .debug_str     0x0000194b       0x4b .\CortexM3\ARM_GCC_541\Debug\teste_controlador.a(dir3.o)
                                0x1cf (size before relaxing)
 .debug_str     0x00001996      0x1b4 .\CortexM3\ARM_GCC_541\Debug\teste_controlador.a(TimerMotores.o)
                                0x39e (size before relaxing)
 .debug_str     0x00001b4a      0x1d1 .\CortexM3\ARM_GCC_541\Debug\teste_controlador.a(TimerCinematico.o)
                                0x3d4 (size before relaxing)
 .debug_str     0x00001d1b      0x1b3 .\CortexM3\ARM_GCC_541\Debug\teste_controlador.a(isr_timer_cinematico.o)
                                0x36a (size before relaxing)
 .debug_str     0x00001ece      0x1bf .\CortexM3\ARM_GCC_541\Debug\teste_controlador.a(QuadDec2_Cnt16.o)
                                0x3f5 (size before relaxing)
 .debug_str     0x0000208d      0x183 .\CortexM3\ARM_GCC_541\Debug\teste_controlador.a(UART_IntClock.o)
                                0x328 (size before relaxing)
 .debug_str     0x00002210      0x1b0 .\CortexM3\ARM_GCC_541\Debug\teste_controlador.a(QuadDec1_Cnt16.o)
                                0x3f5 (size before relaxing)
 .debug_str     0x000023c0      0x1b0 .\CortexM3\ARM_GCC_541\Debug\teste_controlador.a(QuadDec3_Cnt16.o)
                                0x3f5 (size before relaxing)
 .debug_str     0x00002570      0x7c1 .\CortexM3\ARM_GCC_541\Debug\teste_controlador.a(CyLib.o)
                                0xa39 (size before relaxing)
 .debug_str     0x00002d31      0x365 .\CortexM3\ARM_GCC_541\Debug\teste_controlador.a(cyPm.o)
                                0x725 (size before relaxing)
 .debug_str     0x00003096      0x2bf .\CortexM3\ARM_GCC_541\Debug\teste_controlador.a(CAN.o)
                                0x4d3 (size before relaxing)
 .debug_str     0x00003355       0x77 .\CortexM3\ARM_GCC_541\Debug\teste_controlador.a(CAN_INT.o)
                                0x273 (size before relaxing)
 .debug_str     0x000033cc       0x9b .\CortexM3\ARM_GCC_541\Debug\teste_controlador.a(CAN_TX_RX_func.o)
                                0x341 (size before relaxing)
 .debug_str     0x00003467       0x3e .\CortexM3\ARM_GCC_541\Debug\teste_controlador.a(led.o)
                                0x1ca (size before relaxing)
 .debug_str     0x000034a5      0x1bb .\CortexM3\ARM_GCC_541\Debug\teste_controlador.a(CyFlash.o)
                                0x3b2 (size before relaxing)
 .debug_str     0x00003660       0xac .\CortexM3\ARM_GCC_541\Debug\teste_controlador.a(CySpc.o)
                                0x32a (size before relaxing)

.debug_loc      0x00000000     0x41e2
 *(.debug_loc)
 .debug_loc     0x00000000      0x1ba .\CortexM3\ARM_GCC_541\Debug\main.o
 .debug_loc     0x000001ba      0x1ef .\CortexM3\ARM_GCC_541\Debug\aux_functions.o
 .debug_loc     0x000003a9      0x265 .\CortexM3\ARM_GCC_541\Debug\controle_cinematico.o
 .debug_loc     0x0000060e       0x8b .\CortexM3\ARM_GCC_541\Debug\motor.o
 .debug_loc     0x00000699      0x3f8 .\CortexM3\ARM_GCC_541\Debug\fis.o
 .debug_loc     0x00000a91       0x7f .\CortexM3\ARM_GCC_541\Debug\fuzzy_set.o
 .debug_loc     0x00000b10       0x7b .\CortexM3\ARM_GCC_541\Debug\linguistic_variable.o
 .debug_loc     0x00000b8b      0x7a9 .\CortexM3\ARM_GCC_541\Debug\membership_functions.o
 .debug_loc     0x00001334      0x288 .\CortexM3\ARM_GCC_541\Debug\cyfitter_cfg.o
 .debug_loc     0x000015bc      0x144 .\CortexM3\ARM_GCC_541\Debug\Cm3Start.o
 .debug_loc     0x00001700       0x26 .\CortexM3\ARM_GCC_541\Debug\teste_controlador.a(BlocoPWM2.o)
 .debug_loc     0x00001726       0xb9 .\CortexM3\ARM_GCC_541\Debug\teste_controlador.a(QuadDec2.o)
 .debug_loc     0x000017df       0x13 .\CortexM3\ARM_GCC_541\Debug\teste_controlador.a(QuadDec2_INT.o)
 .debug_loc     0x000017f2      0x258 .\CortexM3\ARM_GCC_541\Debug\teste_controlador.a(UART.o)
 .debug_loc     0x00001a4a       0x42 .\CortexM3\ARM_GCC_541\Debug\teste_controlador.a(dir2.o)
 .debug_loc     0x00001a8c       0x26 .\CortexM3\ARM_GCC_541\Debug\teste_controlador.a(BlocoPWM1.o)
 .debug_loc     0x00001ab2       0xb9 .\CortexM3\ARM_GCC_541\Debug\teste_controlador.a(QuadDec1.o)
 .debug_loc     0x00001b6b       0x13 .\CortexM3\ARM_GCC_541\Debug\teste_controlador.a(QuadDec1_INT.o)
 .debug_loc     0x00001b7e       0x42 .\CortexM3\ARM_GCC_541\Debug\teste_controlador.a(dir1.o)
 .debug_loc     0x00001bc0       0x26 .\CortexM3\ARM_GCC_541\Debug\teste_controlador.a(BlocoPWM3.o)
 .debug_loc     0x00001be6       0xb9 .\CortexM3\ARM_GCC_541\Debug\teste_controlador.a(QuadDec3.o)
 .debug_loc     0x00001c9f       0x13 .\CortexM3\ARM_GCC_541\Debug\teste_controlador.a(QuadDec3_INT.o)
 .debug_loc     0x00001cb2       0x42 .\CortexM3\ARM_GCC_541\Debug\teste_controlador.a(dir3.o)
 .debug_loc     0x00001cf4       0x13 .\CortexM3\ARM_GCC_541\Debug\teste_controlador.a(TimerMotores.o)
 .debug_loc     0x00001d07       0x13 .\CortexM3\ARM_GCC_541\Debug\teste_controlador.a(TimerCinematico.o)
 .debug_loc     0x00001d1a       0x56 .\CortexM3\ARM_GCC_541\Debug\teste_controlador.a(isr_timer_cinematico.o)
 .debug_loc     0x00001d70       0x3d .\CortexM3\ARM_GCC_541\Debug\teste_controlador.a(QuadDec2_Cnt16.o)
 .debug_loc     0x00001dad      0x128 .\CortexM3\ARM_GCC_541\Debug\teste_controlador.a(UART_IntClock.o)
 .debug_loc     0x00001ed5       0x3d .\CortexM3\ARM_GCC_541\Debug\teste_controlador.a(QuadDec1_Cnt16.o)
 .debug_loc     0x00001f12       0x3d .\CortexM3\ARM_GCC_541\Debug\teste_controlador.a(QuadDec3_Cnt16.o)
 .debug_loc     0x00001f4f      0xa11 .\CortexM3\ARM_GCC_541\Debug\teste_controlador.a(CyLib.o)
 .debug_loc     0x00002960      0x1e4 .\CortexM3\ARM_GCC_541\Debug\teste_controlador.a(cyPm.o)
 .debug_loc     0x00002b44      0x980 .\CortexM3\ARM_GCC_541\Debug\teste_controlador.a(CAN.o)
 .debug_loc     0x000034c4       0x54 .\CortexM3\ARM_GCC_541\Debug\teste_controlador.a(CAN_INT.o)
 .debug_loc     0x00003518      0x1d1 .\CortexM3\ARM_GCC_541\Debug\teste_controlador.a(CAN_TX_RX_func.o)
 .debug_loc     0x000036e9       0x42 .\CortexM3\ARM_GCC_541\Debug\teste_controlador.a(led.o)
 .debug_loc     0x0000372b      0x3b2 .\CortexM3\ARM_GCC_541\Debug\teste_controlador.a(CyFlash.o)
 .debug_loc     0x00003add      0x705 .\CortexM3\ARM_GCC_541\Debug\teste_controlador.a(CySpc.o)

.debug_macinfo
 *(.debug_macinfo)

.debug_ranges   0x00000000      0xeb8
 *(.debug_ranges)
 .debug_ranges  0x00000000       0x38 .\CortexM3\ARM_GCC_541\Debug\main.o
 .debug_ranges  0x00000038       0x40 .\CortexM3\ARM_GCC_541\Debug\aux_functions.o
 .debug_ranges  0x00000078       0x20 .\CortexM3\ARM_GCC_541\Debug\controle_cinematico.o
 .debug_ranges  0x00000098       0x18 .\CortexM3\ARM_GCC_541\Debug\isr.o
 .debug_ranges  0x000000b0       0x20 .\CortexM3\ARM_GCC_541\Debug\motor.o
 .debug_ranges  0x000000d0       0x48 .\CortexM3\ARM_GCC_541\Debug\fis.o
 .debug_ranges  0x00000118       0x20 .\CortexM3\ARM_GCC_541\Debug\fuzzy_set.o
 .debug_ranges  0x00000138       0x18 .\CortexM3\ARM_GCC_541\Debug\linguistic_variable.o
 .debug_ranges  0x00000150       0x38 .\CortexM3\ARM_GCC_541\Debug\membership_functions.o
 .debug_ranges  0x00000188       0x48 .\CortexM3\ARM_GCC_541\Debug\cyfitter_cfg.o
 .debug_ranges  0x000001d0       0x38 .\CortexM3\ARM_GCC_541\Debug\Cm3Start.o
 .debug_ranges  0x00000208       0x88 .\CortexM3\ARM_GCC_541\Debug\teste_controlador.a(BlocoPWM2.o)
 .debug_ranges  0x00000290       0x50 .\CortexM3\ARM_GCC_541\Debug\teste_controlador.a(QuadDec2.o)
 .debug_ranges  0x000002e0       0x10 .\CortexM3\ARM_GCC_541\Debug\teste_controlador.a(QuadDec2_INT.o)
 .debug_ranges  0x000002f0       0xe0 .\CortexM3\ARM_GCC_541\Debug\teste_controlador.a(UART.o)
 .debug_ranges  0x000003d0       0x28 .\CortexM3\ARM_GCC_541\Debug\teste_controlador.a(dir2.o)
 .debug_ranges  0x000003f8       0x88 .\CortexM3\ARM_GCC_541\Debug\teste_controlador.a(BlocoPWM1.o)
 .debug_ranges  0x00000480       0x50 .\CortexM3\ARM_GCC_541\Debug\teste_controlador.a(QuadDec1.o)
 .debug_ranges  0x000004d0       0x10 .\CortexM3\ARM_GCC_541\Debug\teste_controlador.a(QuadDec1_INT.o)
 .debug_ranges  0x000004e0       0x28 .\CortexM3\ARM_GCC_541\Debug\teste_controlador.a(dir1.o)
 .debug_ranges  0x00000508       0x88 .\CortexM3\ARM_GCC_541\Debug\teste_controlador.a(BlocoPWM3.o)
 .debug_ranges  0x00000590       0x50 .\CortexM3\ARM_GCC_541\Debug\teste_controlador.a(QuadDec3.o)
 .debug_ranges  0x000005e0       0x10 .\CortexM3\ARM_GCC_541\Debug\teste_controlador.a(QuadDec3_INT.o)
 .debug_ranges  0x000005f0       0x28 .\CortexM3\ARM_GCC_541\Debug\teste_controlador.a(dir3.o)
 .debug_ranges  0x00000618       0x80 .\CortexM3\ARM_GCC_541\Debug\teste_controlador.a(TimerMotores.o)
 .debug_ranges  0x00000698       0x80 .\CortexM3\ARM_GCC_541\Debug\teste_controlador.a(TimerCinematico.o)
 .debug_ranges  0x00000718       0x70 .\CortexM3\ARM_GCC_541\Debug\teste_controlador.a(isr_timer_cinematico.o)
 .debug_ranges  0x00000788       0x88 .\CortexM3\ARM_GCC_541\Debug\teste_controlador.a(QuadDec2_Cnt16.o)
 .debug_ranges  0x00000810       0x60 .\CortexM3\ARM_GCC_541\Debug\teste_controlador.a(UART_IntClock.o)
 .debug_ranges  0x00000870       0x88 .\CortexM3\ARM_GCC_541\Debug\teste_controlador.a(QuadDec1_Cnt16.o)
 .debug_ranges  0x000008f8       0x88 .\CortexM3\ARM_GCC_541\Debug\teste_controlador.a(QuadDec3_Cnt16.o)
 .debug_ranges  0x00000980      0x290 .\CortexM3\ARM_GCC_541\Debug\teste_controlador.a(CyLib.o)
 .debug_ranges  0x00000c10       0x88 .\CortexM3\ARM_GCC_541\Debug\teste_controlador.a(cyPm.o)
 .debug_ranges  0x00000c98       0xb8 .\CortexM3\ARM_GCC_541\Debug\teste_controlador.a(CAN.o)
 .debug_ranges  0x00000d50       0x20 .\CortexM3\ARM_GCC_541\Debug\teste_controlador.a(CAN_INT.o)
 .debug_ranges  0x00000d70       0x38 .\CortexM3\ARM_GCC_541\Debug\teste_controlador.a(CAN_TX_RX_func.o)
 .debug_ranges  0x00000da8       0x28 .\CortexM3\ARM_GCC_541\Debug\teste_controlador.a(led.o)
 .debug_ranges  0x00000dd0       0x78 .\CortexM3\ARM_GCC_541\Debug\teste_controlador.a(CyFlash.o)
 .debug_ranges  0x00000e48       0x70 .\CortexM3\ARM_GCC_541\Debug\teste_controlador.a(CySpc.o)

.comment        0x00000000       0x6e
 .comment       0x00000000       0x6e .\CortexM3\ARM_GCC_541\Debug\main.o
                                 0x6f (size before relaxing)
 .comment       0x0000006e       0x6f .\CortexM3\ARM_GCC_541\Debug\aux_functions.o
 .comment       0x0000006e       0x6f .\CortexM3\ARM_GCC_541\Debug\controle_cinematico.o
 .comment       0x0000006e       0x6f .\CortexM3\ARM_GCC_541\Debug\isr.o
 .comment       0x0000006e       0x6f .\CortexM3\ARM_GCC_541\Debug\motor.o
 .comment       0x0000006e       0x6f .\CortexM3\ARM_GCC_541\Debug\fis.o
 .comment       0x0000006e       0x6f .\CortexM3\ARM_GCC_541\Debug\fuzzy_set.o
 .comment       0x0000006e       0x6f .\CortexM3\ARM_GCC_541\Debug\linguistic_variable.o
 .comment       0x0000006e       0x6f .\CortexM3\ARM_GCC_541\Debug\membership_functions.o
 .comment       0x0000006e       0x6f .\CortexM3\ARM_GCC_541\Debug\cyfitter_cfg.o
 .comment       0x0000006e       0x6f .\CortexM3\ARM_GCC_541\Debug\cymetadata.o
 .comment       0x0000006e       0x6f .\CortexM3\ARM_GCC_541\Debug\Cm3Start.o
 .comment       0x0000006e       0x6f .\CortexM3\ARM_GCC_541\Debug\teste_controlador.a(BlocoPWM2.o)
 .comment       0x0000006e       0x6f .\CortexM3\ARM_GCC_541\Debug\teste_controlador.a(QuadDec2.o)
 .comment       0x0000006e       0x6f .\CortexM3\ARM_GCC_541\Debug\teste_controlador.a(QuadDec2_INT.o)
 .comment       0x0000006e       0x6f .\CortexM3\ARM_GCC_541\Debug\teste_controlador.a(UART.o)
 .comment       0x0000006e       0x6f .\CortexM3\ARM_GCC_541\Debug\teste_controlador.a(dir2.o)
 .comment       0x0000006e       0x6f .\CortexM3\ARM_GCC_541\Debug\teste_controlador.a(BlocoPWM1.o)
 .comment       0x0000006e       0x6f .\CortexM3\ARM_GCC_541\Debug\teste_controlador.a(QuadDec1.o)
 .comment       0x0000006e       0x6f .\CortexM3\ARM_GCC_541\Debug\teste_controlador.a(QuadDec1_INT.o)
 .comment       0x0000006e       0x6f .\CortexM3\ARM_GCC_541\Debug\teste_controlador.a(dir1.o)
 .comment       0x0000006e       0x6f .\CortexM3\ARM_GCC_541\Debug\teste_controlador.a(BlocoPWM3.o)
 .comment       0x0000006e       0x6f .\CortexM3\ARM_GCC_541\Debug\teste_controlador.a(QuadDec3.o)
 .comment       0x0000006e       0x6f .\CortexM3\ARM_GCC_541\Debug\teste_controlador.a(QuadDec3_INT.o)
 .comment       0x0000006e       0x6f .\CortexM3\ARM_GCC_541\Debug\teste_controlador.a(dir3.o)
 .comment       0x0000006e       0x6f .\CortexM3\ARM_GCC_541\Debug\teste_controlador.a(TimerMotores.o)
 .comment       0x0000006e       0x6f .\CortexM3\ARM_GCC_541\Debug\teste_controlador.a(TimerCinematico.o)
 .comment       0x0000006e       0x6f .\CortexM3\ARM_GCC_541\Debug\teste_controlador.a(isr_timer_cinematico.o)
 .comment       0x0000006e       0x6f .\CortexM3\ARM_GCC_541\Debug\teste_controlador.a(QuadDec2_Cnt16.o)
 .comment       0x0000006e       0x6f .\CortexM3\ARM_GCC_541\Debug\teste_controlador.a(UART_IntClock.o)
 .comment       0x0000006e       0x6f .\CortexM3\ARM_GCC_541\Debug\teste_controlador.a(QuadDec1_Cnt16.o)
 .comment       0x0000006e       0x6f .\CortexM3\ARM_GCC_541\Debug\teste_controlador.a(QuadDec3_Cnt16.o)
 .comment       0x0000006e       0x6f .\CortexM3\ARM_GCC_541\Debug\teste_controlador.a(CyLib.o)
 .comment       0x0000006e       0x6f .\CortexM3\ARM_GCC_541\Debug\teste_controlador.a(cyPm.o)
 .comment       0x0000006e       0x6f .\CortexM3\ARM_GCC_541\Debug\teste_controlador.a(CAN.o)
 .comment       0x0000006e       0x6f .\CortexM3\ARM_GCC_541\Debug\teste_controlador.a(CAN_INT.o)
 .comment       0x0000006e       0x6f .\CortexM3\ARM_GCC_541\Debug\teste_controlador.a(CAN_TX_RX_func.o)